05-26 14:23:04.995 13032 13032 W service : Thread Pool max thread count is 0. Cannot cache binder as linkToDeath cannot be implemented. serviceName: transparency
05-26 14:23:04.995 13032 13032 W service : Thread Pool max thread count is 0. Cannot cache binder as linkToDeath cannot be implemented. serviceName: trust
05-26 14:23:04.995 13032 13032 W service : Thread Pool max thread count is 0. Cannot cache binder as linkToDeath cannot be implemented. serviceName: tv_ad
05-26 14:23:04.996 13032 13032 W service : Thread Pool max thread count is 0. Cannot cache binder as linkToDeath cannot be implemented. serviceName: tv_input
05-26 14:23:04.997 13032 13032 W service : Thread Pool max thread count is 0. Cannot cache binder as linkToDeath cannot be implemented. serviceName: tv_interactive_app
05-26 14:23:04.997 13032 13032 W service : Thread Pool max thread count is 0. Cannot cache binder as linkToDeath cannot be implemented. serviceName: uimode
05-26 14:23:04.998 13032 13032 W service : Thread Pool max thread count is 0. Cannot cache binder as linkToDeath cannot be implemented. serviceName: updatelock
05-26 14:23:04.998 13032 13032 W service : Thread Pool max thread count is 0. Cannot cache binder as linkToDeath cannot be implemented. serviceName: uri_grants
05-26 14:23:04.998 13032 13032 W service : Thread Pool max thread count is 0. Cannot cache binder as linkToDeath cannot be implemented. serviceName: usagestats
05-26 14:23:04.998 13032 13032 W service : Thread Pool max thread count is 0. Cannot cache binder as linkToDeath cannot be implemented. serviceName: usb
05-26 14:23:04.999 13032 13032 W service : Thread Pool max thread count is 0. Cannot cache binder as linkToDeath cannot be implemented. serviceName: user
05-26 14:23:04.999 13032 13032 W service : Thread Pool max thread count is 0. Cannot cache binder as linkToDeath cannot be implemented. serviceName: uwb
05-26 14:23:04.999 13032 13032 W service : Thread Pool max thread count is 0. Cannot cache binder as linkToDeath cannot be implemented. serviceName: vcn_management
05-26 14:23:04.999 13032 13032 W service : Thread Pool max thread count is 0. Cannot cache binder as linkToDeath cannot be implemented. serviceName: virtualdevice
05-26 14:23:05.000 13032 13032 W service : Thread Pool max thread count is 0. Cannot cache binder as linkToDeath cannot be implemented. serviceName: virtualdevice_native
05-26 14:23:05.000 13032 13032 W service : Thread Pool max thread count is 0. Cannot cache binder as linkToDeath cannot be implemented. serviceName: voiceinteraction
05-26 14:23:05.002 13032 13032 W service : Thread Pool max thread count is 0. Cannot cache binder as linkToDeath cannot be implemented. serviceName: vpn_management
05-26 14:23:05.002 13032 13032 W service : Thread Pool max thread count is 0. Cannot cache binder as linkToDeath cannot be implemented. serviceName: wallpaper
05-26 14:23:05.002 13032 13032 W service : Thread Pool max thread count is 0. Cannot cache binder as linkToDeath cannot be implemented. serviceName: wearable_sensing
05-26 14:23:05.002 13032 13032 W service : Thread Pool max thread count is 0. Cannot cache binder as linkToDeath cannot be implemented. serviceName: webviewupdate
05-26 14:23:05.003 13032 13032 W service : Thread Pool max thread count is 0. Cannot cache binder as linkToDeath cannot be implemented. serviceName: wifi
05-26 14:23:05.003 13032 13032 W service : Thread Pool max thread count is 0. Cannot cache binder as linkToDeath cannot be implemented. serviceName: wifinl80211
05-26 14:23:05.003 13032 13032 E IPCThreadState: Binder transaction failure. id: 1097866, BR_*: 29201, error: -1 (Operation not permitted)
05-26 14:23:05.003 13032 13032 W service : Thread Pool max thread count is 0. Cannot cache binder as linkToDeath cannot be implemented. serviceName: wifip2p
05-26 14:23:05.003 13032 13032 W service : Thread Pool max thread count is 0. Cannot cache binder as linkToDeath cannot be implemented. serviceName: wifiscanner
05-26 14:23:05.004 13032 13032 W service : Thread Pool max thread count is 0. Cannot cache binder as linkToDeath cannot be implemented. serviceName: window
05-26 14:23:07.126  2269  2535 W cast_shell: [2269:2535:WARNING:directory_service_impl.cc(634)] Unable to de-obfuscate key
05-26 14:23:07.126  2269  2535 I cast_shell: [2269:2535:INFO:parent_tracker.cc(335)] Root conflict with [REDACTED]; this device is better root
05-26 14:23:07.134  2269  2535 W cast_shell: [2269:2535:WARNING:directory_service_impl.cc(634)] Unable to de-obfuscate key
05-26 14:23:07.134  2269  2535 I cast_shell: [2269:2535:INFO:parent_tracker.cc(335)] Root conflict with [REDACTED]; this device is better root
05-26 14:23:08.118   656  2310 E SystemServiceRegistry: No service published for: persistent_data_block
05-26 14:23:08.118   656  2310 E SystemServiceRegistry: android.os.ServiceManager$ServiceNotFoundException: No service published for: persistent_data_block
05-26 14:23:08.118   656  2310 E SystemServiceRegistry: 	at android.os.ServiceManager.getServiceOrThrow(ServiceManager.java:203)
05-26 14:23:08.118   656  2310 E SystemServiceRegistry: 	at android.app.SystemServiceRegistry$82.createService(SystemServiceRegistry.java:1110)
05-26 14:23:08.118   656  2310 E SystemServiceRegistry: 	at android.app.SystemServiceRegistry$82.createService(SystemServiceRegistry.java:1107)
05-26 14:23:08.118   656  2310 E SystemServiceRegistry: 	at android.app.SystemServiceRegistry$StaticServiceFetcher.getService(SystemServiceRegistry.java:2405)
05-26 14:23:08.118   656  2310 E SystemServiceRegistry: 	at android.app.SystemServiceRegistry.getSystemService(SystemServiceRegistry.java:1918)
05-26 14:23:08.118   656  2310 E SystemServiceRegistry: 	at android.app.ContextImpl.getSystemService(ContextImpl.java:2315)
05-26 14:23:08.118   656  2310 E SystemServiceRegistry: 	at android.content.Context.getSystemService(Context.java:4630)
05-26 14:23:08.118   656  2310 E SystemServiceRegistry: 	at com.android.server.pm.PackageInstallerSession.markAsSealed(PackageInstallerSession.java:2449)
05-26 14:23:08.118   656  2310 E SystemServiceRegistry: 	at com.android.server.pm.PackageInstallerSession.commit(PackageInstallerSession.java:2198)
05-26 14:23:08.118   656  2310 E SystemServiceRegistry: 	at android.content.pm.PackageInstaller$Session.commit(PackageInstaller.java:1988)
05-26 14:23:08.118   656  2310 E SystemServiceRegistry: 	at com.android.server.pm.PackageManagerShellCommand.doCommitSession(PackageManagerShellCommand.java:4316)
05-26 14:23:08.118   656  2310 E SystemServiceRegistry: 	at com.android.server.pm.PackageManagerShellCommand.doRunInstall(PackageManagerShellCommand.java:1641)
05-26 14:23:08.118   656  2310 E SystemServiceRegistry: 	at com.android.server.pm.PackageManagerShellCommand.runInstall(PackageManagerShellCommand.java:1562)
05-26 14:23:08.118   656  2310 E SystemServiceRegistry: 	at com.android.server.pm.PackageManagerShellCommand.onCommand(PackageManagerShellCommand.java:246)
05-26 14:23:08.118   656  2310 E SystemServiceRegistry: 	at com.android.modules.utils.BasicShellCommandHandler.exec(BasicShellCommandHandler.java:97)
05-26 14:23:08.118   656  2310 E SystemServiceRegistry: 	at android.os.ShellCommand.exec(ShellCommand.java:38)
05-26 14:23:08.118   656  2310 E SystemServiceRegistry: 	at com.android.server.pm.PackageManagerService$IPackageManagerImpl.onShellCommand(PackageManagerService.java:6684)
05-26 14:23:08.118   656  2310 E SystemServiceRegistry: 	at android.os.Binder.shellCommand(Binder.java:1151)
05-26 14:23:08.118   656  2310 E SystemServiceRegistry: 	at android.os.Binder.onTransact(Binder.java:953)
05-26 14:23:08.118   656  2310 E SystemServiceRegistry: 	at android.content.pm.IPackageManager$Stub.onTransact(IPackageManager.java:4729)
05-26 14:23:08.118   656  2310 E SystemServiceRegistry: 	at com.android.server.pm.PackageManagerService$IPackageManagerImpl.onTransact(PackageManagerService.java:6668)
05-26 14:23:08.118   656  2310 E SystemServiceRegistry: 	at android.os.Binder.execTransactInternal(Binder.java:1426)
05-26 14:23:08.118   656  2310 E SystemServiceRegistry: 	at android.os.Binder.execTransact(Binder.java:1365)
--------- beginning of system
05-26 14:23:08.120   656  2310 E SystemServiceRegistry: Manager wrapper not available: persistent_data_block
05-26 14:23:08.284   656   680 W FileSystemUtils: Provided file is not ELF64
05-26 14:23:08.284   656   680 E FileSystemUtils: Failed to read program headers from 64 bit ELF file.
05-26 14:23:08.284   656   680 W NativeLibraryHelper: Failed to punch uncompressed elf file :libdatastore_shared_counter.so inside apk : /data/app/vmdl509593318.tmp/base.apk at offset: 86654976
05-26 14:23:08.284   656   680 D FileSystemUtils: Extra field length: 7032,  Size before punching holes st_blocks: 173320, st_blksize: 4096, st_size: 88735596
05-26 14:23:08.284   656   680 D FileSystemUtils: Extra field length: 7032 content near offset: 00000000000000000000000000000000000000000000000000000000000000000000000000000000000000000000000000000000000000000000000000000000000000000000000000000000000000000000000000000000000000000000000000000000000000000000000000000000000000000000000000000000000000000000000000000000000000000000000000000000000000000000000000000000000000000000000000000000000000000000000000000000000000000000000000000000000000000000000000000000000000000000000000000000000000000000000000000000000000000000000000000000000000000000000000000000000000000000000000000000000000000000000000000000000000000000000000000000000000000000000000000000000000000000000000000000000000000000000000000000000000000000000000000000000000000000000000000000000000000000000000000000000000000000000000000000000000000000000000000000000000000000000000000000000000000000000000000000000000000000000000000000000000000000000000000000000000000000000000000000000000000000000000000000000000000000000000000000000000000000000000000000000000000
05-26 14:23:08.284   656   680 D FileSystemUtils: Punching hole in file - start: 86650880 len:4096
05-26 14:23:08.285   656   680 D FileSystemUtils: punchHolesInApk:: Size after punching holes st_blocks: 173312, st_blksize: 4096, st_size: 88735596
05-26 14:23:08.285   656   680 W FileSystemUtils: Provided file is not ELF64
05-26 14:23:08.285   656   680 E FileSystemUtils: Failed to read program headers from 64 bit ELF file.
05-26 14:23:08.285   656   680 W NativeLibraryHelper: Failed to punch uncompressed elf file :libandroidx.graphics.path.so inside apk : /data/app/vmdl509593318.tmp/base.apk at offset: 86638592
05-26 14:23:08.286   656   680 D FileSystemUtils: Extra field length: 11902,  Size before punching holes st_blocks: 173312, st_blksize: 4096, st_size: 88735596
05-26 14:23:08.286   656   680 D FileSystemUtils: Extra field length: 11902 content near offset: 0000000000000000000000000000000000000000000000000000000000000000000000000000000000000000000000000000000000000000000000000000000000000000000000000000000000000000000000000000000000000000000000000000000000000000000000000000000000000000000000000000000000000000000000000000000000000000000000000000000000000000000000000000000000000000000000000000000000000000000000000000000000000000000000000000000000000000000000000000000000000000000000000000000000000000000000000000000000000000000000000000000000000000000000000000000000000000000000000000000000000000000000000000000000000000000000000000000000000000000000000000000000000000000000000000000000000000000000000000000000000000000000000000000000000000000000000000000000000000000000000000000000000000000000000000000000000000000000000000000000000000000000000000000000000000000000000000000000000000000000000000000000000000000000000000000000000000000000000000000000000000000000000000000000000000000000000000000000000000000000000000000000000000
05-26 14:23:08.286   656   680 D FileSystemUtils: Punching hole in file - start: 86630400 len:8192
05-26 14:23:08.287   656   680 D FileSystemUtils: punchHolesInApk:: Size after punching holes st_blocks: 173304, st_blksize: 4096, st_size: 88735596
05-26 14:23:08.291  3761  3761 I Finsky  : [2] nza.onTrimMemory(11): Memory trim requested to level 40
05-26 14:23:08.291  3761  3761 I Finsky  : [2] qkh.accept(139): Flushing in-memory image cache
05-26 14:23:08.291   656   714 D ActivityManager: sync unfroze 3761 com.android.vending for 10
05-26 14:23:08.293   656   714 D ActivityManager: sync unfroze 3791 com.android.vending:background for 10
05-26 14:23:08.294   656   714 D ActivityManager: sync unfroze 3884 com.android.vending:instant_app_installer for 10
05-26 14:23:08.295  4003  4003 I Finsky:quick_launch: [2] nza.onTrimMemory(11): Memory trim requested to level 40
05-26 14:23:08.295   656   714 D ActivityManager: sync unfroze 4003 com.android.vending:quick_launch for 10
05-26 14:23:08.300   656  1043 D BackgroundInstallControlService: Package event received: 0
05-26 14:23:08.301  3791  3791 I Finsky:background: [2] nza.onTrimMemory(11): Memory trim requested to level 40
05-26 14:23:08.303  3761  3761 I Finsky  : [2] vhl.b(75): VerifyApps: Install-time verification requested for package com.example.jellyfinnew, PackageManager id = 18, Verifier id = a1916f46-24b0-4ae5-bf46-cb3f358d414f
05-26 14:23:08.307  3761  3775 I Finsky  : [47] hih.g(167): RECEIVER_PACKAGE_VERIFICATION#logWorkEndAndFinishGoAsync: SUCCESS
05-26 14:23:08.312  3761 13042 V Configuration: Updating configuration, locales updated from [] to [en_US]
05-26 14:23:08.313  3761 13042 I android.vending: AssetManager2(0xe1f0a8d4) locale list changing from [] to [en-US]
05-26 14:23:08.478  3761 13042 I Finsky  : [399] VerifyAppsInstallTask.kC(52): VerifyApps: Anti-malware verification task started for package=com.example.jellyfinnew
05-26 14:23:08.480  3761 13042 I Finsky  : [399] vrf.a(67): Single user settings service is not running, bind it now
05-26 14:23:08.483  3761  3761 I Finsky  : [2] vre.onServiceConnected(110): Single user settings service is connected
05-26 14:23:08.486  3761 13042 W Settings: Setting install_non_market_apps has moved from android.provider.Settings.Global to android.provider.Settings.Secure, returning read-only value.
05-26 14:23:08.487  3761 13042 I android.vending: AssetManager2(0xe1f0a8d4) locale list changing from [] to [en-US]
05-26 14:23:08.576  3761 13042 I Finsky  : [399] VerifyAppsInstallTask.ak(267): VerifyApps: Installer app: com.android.shell
05-26 14:23:08.654  3761  3797 E AbstractLogEventBuilder: The provided ProductIdOrigin 3 is not one of the process-level expected values: 1 or 2
05-26 14:23:08.656  3761 13042 I Finsky  : [399] ljw.e(27): Task 7 requested foreground
05-26 14:23:08.658  3761 13042 I Finsky  : [399] ljw.e(88): Not entering foreground
05-26 14:23:08.662  3761  3786 I Finsky  : [58] vng.a(65): VerifyApps: Starting APK Analysis scan for com.example.jellyfinnew.
05-26 14:23:08.663  3761  3786 I Finsky  : [58] vgu.b(182): Scanning package com.example.jellyfinnew contents with client side protections. File: [ewsdQRg3UV_J6HLUFDVzRJuSvBdq80uFmi6ykeX7HQY]
05-26 14:23:08.663  3761  3786 I Finsky  : [58] vng.a(218): VerifyApps: APK Analysis scan finished for com.example.jellyfinnew. Verdict: SAFE
05-26 14:23:08.667  3761 13045 I Finsky  : [402] vox.c(23): Apk Analysis scan verification duration=PT0.008S 
05-26 14:23:08.932  3761 13045 I Finsky  : [402] voz.h(68): VerifyApps: Verification package=com.example.jellyfinnew, id=18, response=0, upload_requested=false
05-26 14:23:08.933  3761 13045 I Finsky  : [402] vor.b(258): VerifyApps: PAM result saving to datastore delayed for package: com.example.jellyfinnew
05-26 14:23:08.933  3761 13042 E AbstractLogEventBuilder: The provided ProductIdOrigin 3 is not one of the process-level expected values: 1 or 2
05-26 14:23:08.940  3761 13042 I Finsky  : [399] VerifyAdvancedProtectionInstallTask.kC(9): VerifyApps AdvancedProtection: Verify AP install started
05-26 14:23:08.941  3761 13042 I Finsky  : [399] VerifyAdvancedProtectionInstallTask.kC(43): VerifyApps AdvancedProtection: Allowing install because there are no Advanced Protection users
05-26 14:23:08.941  3761  3761 I Finsky  : [2] VerifyAdvancedProtectionInstallTask.kB(19): VerifyApps AdvancedProtection: Reported Advanced Protection verification result: ALLOW
05-26 14:23:08.944  3761 13042 I Finsky  : [399] VerifyPerSourceInstallationConsentInstallTask.kC(315): Skipping logging for attempted installation. The source is a system package.
05-26 14:23:08.944  3761 13042 I Finsky  : [399] VerifyInstallTask.j(17): VerifyApps: Returning package verification result id=18, result=ALLOW
05-26 14:23:08.946   656   714 I PackageManager: Continuing with installation of file:///data/app/vmdl509593318.tmp
05-26 14:23:08.946   656   740 D InstallDependencyHelper: No missing dependency for com.example.jellyfinnew
05-26 14:23:08.947  3761  3761 I Finsky  : [2] VerifyInstallTask.kB(76): VerifyApps: Install-time verification complete: id=18, package_name=com.example.jellyfinnew
05-26 14:23:08.950   656   714 V Configuration: Updating configuration, locales updated from [] to [en_US]
05-26 14:23:08.950   656   714 I system_server: AssetManager2(0x6400a454) locale list changing from [] to [en-US]
05-26 14:23:08.953   656   714 I PackageManager: Update package com.example.jellyfinnew code path from /data/app/~~PQCwYg1fGAQ7ovsSH6-nUQ==/com.example.jellyfinnew-QVxYorFCmGQ89EVN5GKIsw== to /data/app/vmdl509593318.tmp; Retain data and using new
05-26 14:23:08.962   656   689 I ActivityManager: Force stopping com.example.jellyfinnew appid=10092 user=-1: installPackageLI
05-26 14:23:08.969   656   689 W ProcessStats: Tracking association SourceState{25da11 com.google.android.gms/10053 BTop #8307} whose proc state 2 is better than process ProcessState{5267439 com.google.android.adservices.api/10073 pkg=com.google.android.adservices.api} proc state 14 (1 skipped)
05-26 14:23:08.985   656   714 I PackageManager: installation completed for package:com.example.jellyfinnew. Final code path: /data/app/~~Yeq1jYvRDfzZ08eg8jVBcQ==/com.example.jellyfinnew-Lj18H1Akn7ZDBDMNPEQDWQ==
05-26 14:23:08.990   656   714 I ActivityManager: Force stopping com.example.jellyfinnew appid=10092 user=0: pkg removed
05-26 14:23:09.006   656   774 I system_server: AssetManager2(0x6400ee94) locale list changing from [] to [en-US]
05-26 14:23:09.011   656   780 W PackageConfigPersister: App-specific configuration not found for packageName: com.example.jellyfinnew and userId: 0
05-26 14:23:09.017  1538  1538 D ActivityThread: Package [com.example.jellyfinnew] reported as REPLACED, but missing application info. Assuming REMOVED.
05-26 14:23:09.017  1526  1526 D ActivityThread: Package [com.example.jellyfinnew] reported as REPLACED, but missing application info. Assuming REMOVED.
05-26 14:23:09.017  2269  2269 D ActivityThread: Package [com.example.jellyfinnew] reported as REPLACED, but missing application info. Assuming REMOVED.
05-26 14:23:09.018  1581  1581 D ActivityThread: Package [com.example.jellyfinnew] reported as REPLACED, but missing application info. Assuming REMOVED.
05-26 14:23:09.018  3884  3884 D ActivityThread: Package [com.example.jellyfinnew] reported as REPLACED, but missing application info. Assuming REMOVED.
05-26 14:23:09.018  1275  1275 D ActivityThread: Package [com.example.jellyfinnew] reported as REPLACED, but missing application info. Assuming REMOVED.
05-26 14:23:09.018  5519  5519 D ActivityThread: Package [com.example.jellyfinnew] reported as REPLACED, but missing application info. Assuming REMOVED.
05-26 14:23:09.019  3313  3313 D ActivityThread: Package [com.example.jellyfinnew] reported as REPLACED, but missing application info. Assuming REMOVED.
05-26 14:23:09.019  1458  1458 D ActivityThread: Package [com.example.jellyfinnew] reported as REPLACED, but missing application info. Assuming REMOVED.
05-26 14:23:09.020  1652  1652 D ActivityThread: Package [com.example.jellyfinnew] reported as REPLACED, but missing application info. Assuming REMOVED.
05-26 14:23:09.020  1209  1209 D ActivityThread: Package [com.example.jellyfinnew] reported as REPLACED, but missing application info. Assuming REMOVED.
05-26 14:23:09.020  3761  3761 D ActivityThread: Package [com.example.jellyfinnew] reported as REPLACED, but missing application info. Assuming REMOVED.
05-26 14:23:09.021  3791  3791 D ActivityThread: Package [com.example.jellyfinnew] reported as REPLACED, but missing application info. Assuming REMOVED.
05-26 14:23:09.021  1166  1166 D ActivityThread: Package [com.example.jellyfinnew] reported as REPLACED, but missing application info. Assuming REMOVED.
05-26 14:23:09.021  4003  4003 D ActivityThread: Package [com.example.jellyfinnew] reported as REPLACED, but missing application info. Assuming REMOVED.
05-26 14:23:09.022   656   688 W TextServicesManagerService: no available spell checker services found
05-26 14:23:09.026  2425  2425 D ActivityThread: Package [com.example.jellyfinnew] reported as REPLACED, but missing application info. Assuming REMOVED.
05-26 14:23:09.026  1330  1330 D ActivityThread: Package [com.example.jellyfinnew] reported as REPLACED, but missing application info. Assuming REMOVED.
05-26 14:23:09.026  1080  1080 D ActivityThread: Package [com.example.jellyfinnew] reported as REPLACED, but missing application info. Assuming REMOVED.
05-26 14:23:09.026   656   656 D ActivityThread: Package [com.example.jellyfinnew] reported as REPLACED, but missing application info. Assuming REMOVED.
05-26 14:23:09.042   656  1042 D ShortcutService: received package broadcast intent: Intent { act=android.intent.action.PACKAGE_REMOVED dat=package: flg=0x4000010 (has extras) }
05-26 14:23:09.050   656   777 I system_server: AssetManager2(0x64003854) locale list changing from [] to [en-US]
05-26 14:23:09.057   656   681 I system_server: AssetManager2(0x6400a454) locale list changing from [] to [en-US]
05-26 14:23:09.058   656   774 I system_server: AssetManager2(0x64008054) locale list changing from [] to [en-US]
05-26 14:23:09.058   656   774 I system_server: AssetManager2(0x64003a94) locale list changing from [] to [en-US]
05-26 14:23:09.072  3761  3761 I Finsky  : [2] par.g(1): par - Received: android.intent.action.PACKAGE_REMOVED, [n6NFGapEddwUcbPl7eiAx_b7zFdrx4kz7EB4wDL8jNw]
05-26 14:23:09.094  3884  3884 D ActivityThread: Package [com.example.jellyfinnew] reported as REPLACED, but missing application info. Assuming REMOVED.
05-26 14:23:09.094  3791  3791 I Finsky:background: [2] pag.g(6): pag - Received: android.intent.action.PACKAGE_REMOVED, [n6NFGapEddwUcbPl7eiAx_b7zFdrx4kz7EB4wDL8jNw]
05-26 14:23:09.095   656  1048 I SdkSandboxManager: No SDKs used. Skipping SDK data reconcilation for CallingInfo{mUid=10092, mPackageName='com.example.jellyfinnew, mAppProcessToken='null'}
05-26 14:23:09.096  2269  2269 D ActivityThread: Package [com.example.jellyfinnew] reported as REPLACED, but missing application info. Assuming REMOVED.
05-26 14:23:09.096  1275  1275 D ActivityThread: Package [com.example.jellyfinnew] reported as REPLACED, but missing application info. Assuming REMOVED.
05-26 14:23:09.096  1538  1538 D ActivityThread: Package [com.example.jellyfinnew] reported as REPLACED, but missing application info. Assuming REMOVED.
05-26 14:23:09.097  4003  4003 D ActivityThread: Package [com.example.jellyfinnew] reported as REPLACED, but missing application info. Assuming REMOVED.
05-26 14:23:09.099  1209  1209 D ActivityThread: Package [com.example.jellyfinnew] reported as REPLACED, but missing application info. Assuming REMOVED.
05-26 14:23:09.099  1080  1080 D ActivityThread: Package [com.example.jellyfinnew] reported as REPLACED, but missing application info. Assuming REMOVED.
05-26 14:23:09.099   656   714 D PackageInstallerSession: Marking session 509593318 as applied
05-26 14:23:09.099  3313  3313 D ActivityThread: Package [com.example.jellyfinnew] reported as REPLACED, but missing application info. Assuming REMOVED.
05-26 14:23:09.100  2425  2425 D ActivityThread: Package [com.example.jellyfinnew] reported as REPLACED, but missing application info. Assuming REMOVED.
05-26 14:23:09.101   656   740 D InstallDependencyHelper: Session complete for 509593318
05-26 14:23:09.101  1458  1458 D ActivityThread: Package [com.example.jellyfinnew] reported as REPLACED, but missing application info. Assuming REMOVED.
05-26 14:23:09.102  1526  1526 D ActivityThread: Package [com.example.jellyfinnew] reported as REPLACED, but missing application info. Assuming REMOVED.
05-26 14:23:09.102  1166  1166 D ActivityThread: Package [com.example.jellyfinnew] reported as REPLACED, but missing application info. Assuming REMOVED.
05-26 14:23:09.102   656   656 D ActivityManager: sync unfroze 1497 com.android.keychain for 10
05-26 14:23:09.105  1497  1497 D ActivityThread: Package [com.example.jellyfinnew] reported as REPLACED, but missing application info. Assuming REMOVED.
05-26 14:23:09.105  2295  2295 D ActivityThread: Package [com.example.jellyfinnew] reported as REPLACED, but missing application info. Assuming REMOVED.
05-26 14:23:09.107  2295  2295 D ActivityThread: Package [com.example.jellyfinnew] reported as REPLACED, but missing application info. Assuming REMOVED.
05-26 14:23:09.111   656   656 D ActivityManager: sync unfroze 2295 com.android.localtransport for 10
05-26 14:23:09.111  1497  1497 D ActivityThread: Package [com.example.jellyfinnew] reported as REPLACED, but missing application info. Assuming REMOVED.
05-26 14:23:09.112   656   688 I system_server: AssetManager2(0x6400c194) locale list changing from [] to [en-US]
05-26 14:23:09.116   656  1042 D ShortcutService: received package broadcast intent: Intent { act=android.intent.action.PACKAGE_ADDED dat=package: flg=0x4000010 (has extras) }
05-26 14:23:09.117   656  1042 D ShortcutService: replacing package: com.example.jellyfinnew userId=0
05-26 14:23:09.117  3761  3799 I Finsky  : [67] iav.a(47): AIM: AppInfoManager-Perf > OnDeviceAppInfo > cacheHitCount=1, cacheMissCount=0. Missed  in cache (limit 10) : []
05-26 14:23:09.117  3761  3799 I Finsky  : [67] hfs.apply(1174): AIM: Got app ownership map. App counts: . Unique apps: 0
05-26 14:23:09.117  3761  3799 E Finsky  : [67] jmc.c(47): [Counters] attempted to use a non-positive increment for: 4752
05-26 14:23:09.117  3761  3799 E Finsky  : [67] jmc.c(47): [Counters] attempted to use a non-positive increment for: 4753
05-26 14:23:09.122   656   688 I system_server: AssetManager2(0x64002f54) locale list changing from [] to [en-US]
05-26 14:23:09.122   656   740 E AtomicFile: Failed to rename /data/system/install_sessions.xml.new to /data/system/install_sessions.xml
05-26 14:23:09.124  5519  5519 D ActivityThread: Package [com.example.jellyfinnew] reported as REPLACED, but missing application info. Assuming REMOVED.
05-26 14:23:09.125   656  1048 I SdkSandboxManager: No SDKs used. Skipping SDK data reconcilation for CallingInfo{mUid=10092, mPackageName='com.example.jellyfinnew, mAppProcessToken='null'}
05-26 14:23:09.125  1330  1330 D ActivityThread: Package [com.example.jellyfinnew] reported as REPLACED, but missing application info. Assuming REMOVED.
05-26 14:23:09.126   656   656 D ActivityManager: sync unfroze 1231 com.android.tv.settings for 10
05-26 14:23:09.126  1231  1231 D ActivityThread: Package [com.example.jellyfinnew] reported as REPLACED, but missing application info. Assuming REMOVED.
05-26 14:23:09.127   656   656 D ActivityManager: sync unfroze 2142 com.android.dynsystem:dynsystem for 10
05-26 14:23:09.127   656   656 D ActivityManager: sync unfroze 2122 com.android.dynsystem for 10
05-26 14:23:09.128  2122  2122 D ActivityThread: Package [com.example.jellyfinnew] reported as REPLACED, but missing application info. Assuming REMOVED.
05-26 14:23:09.129  2142  2142 D ActivityThread: Package [com.example.jellyfinnew] reported as REPLACED, but missing application info. Assuming REMOVED.
05-26 14:23:09.129  1231  1231 D ActivityThread: Package [com.example.jellyfinnew] reported as REPLACED, but missing application info. Assuming REMOVED.
05-26 14:23:09.131  3761  3786 I android.vending: AssetManager2(0xe1f10bd4) locale list changing from [] to [en-US]
05-26 14:23:09.134  1652  1652 D ActivityThread: Package [com.example.jellyfinnew] reported as REPLACED, but missing application info. Assuming REMOVED.
05-26 14:23:09.134  2142  2142 D ActivityThread: Package [com.example.jellyfinnew] reported as REPLACED, but missing application info. Assuming REMOVED.
05-26 14:23:09.134  2122  2122 D ActivityThread: Package [com.example.jellyfinnew] reported as REPLACED, but missing application info. Assuming REMOVED.
05-26 14:23:09.134  3761  3799 I Finsky  : [67] iaq.a(211): AIM: AppInfoManager-Perf > ItemModel > CacheSize=107, cacheHitCount=1, cacheMissCount=0, total appsWithNoServerDataCount=94. Missed  in cache (limit 10) : []
05-26 14:23:09.136  3761  3761 I Finsky  : [2] hyz.f(7): AIM: AppInfoCacheUpdater -> invalidating apps: [com.example.jellyfinnew]
05-26 14:23:09.137  3761  3761 I Finsky  : [2] hzo.b(19): AIM: AppInfoManager-Perf > getApps > called for 1 apps
05-26 14:23:09.138  3761  3800 I Finsky  : [68] iav.a(47): AIM: AppInfoManager-Perf > OnDeviceAppInfo > cacheHitCount=0, cacheMissCount=1. Missed  in cache (limit 10) : [com.example.jellyfinnew]
05-26 14:23:09.138  3761  3799 I Finsky  : [67] hfs.apply(1174): AIM: Got app ownership map. App counts: . Unique apps: 0
05-26 14:23:09.138  3761  3799 E Finsky  : [67] jmc.c(47): [Counters] attempted to use a non-positive increment for: 4752
05-26 14:23:09.139  1581  1581 D ActivityThread: Package [com.example.jellyfinnew] reported as REPLACED, but missing application info. Assuming REMOVED.
05-26 14:23:09.143  3761  3797 E Finsky  : [65] jmc.c(47): [Counters] attempted to use a non-positive increment for: 4753
05-26 14:23:09.147  3761  3786 W HWUI    : Image decoding logging dropped!
05-26 14:23:09.151  1581  1617 I ps.tv.launcherx: AssetManager2(0xe1f15854) locale list changing from [] to [en-US]
05-26 14:23:09.152   656  1043 D BackgroundInstallControlService: Package event received: 0
05-26 14:23:09.152 12355 12357 I artd    : GetBestInfo: /data/app/~~Yeq1jYvRDfzZ08eg8jVBcQ==/com.example.jellyfinnew-Lj18H1Akn7ZDBDMNPEQDWQ==/base.apk has no usable artifacts
05-26 14:23:09.155   656  1043 D BackgroundInstallControlService: Package event received: 0
05-26 14:23:09.164  3761  3800 I Finsky  : [68] iaq.a(211): AIM: AppInfoManager-Perf > ItemModel > CacheSize=107, cacheHitCount=1, cacheMissCount=0, total appsWithNoServerDataCount=94. Missed  in cache (limit 10) : []
05-26 14:23:09.169   656   761 I RoleService: Granting default roles...
05-26 14:23:09.170  3761  3761 I Finsky  : [2] par.g(1): par - Received: android.intent.action.PACKAGE_ADDED, [n6NFGapEddwUcbPl7eiAx_b7zFdrx4kz7EB4wDL8jNw]
05-26 14:23:09.171  3761 13056 I Finsky  : [406] aovo.h(39): SCH: Received scheduling request: Id: 12-1, Constraints: [{ L: 15000, D: 86400000, C: CHARGING_NONE, I: IDLE_NONE, N: NET_ANY, B: BATTERY_ANY }]
05-26 14:23:09.171   656  1193 W SignedPackage: Cannot get ApplicationInfo for package: com.android.messaging
05-26 14:23:09.174  1581  1586 I ps.tv.launcherx: Background concurrent mark compact GC freed 1869KB AllocSpace bytes, 0(0B) LOS objects, 49% free, 6815KB/13MB, paused 570us,654us total 181.392ms
05-26 14:23:09.177   656  1193 I system_server: AssetManager2(0x64009254) locale list changing from [] to [en-US]
05-26 14:23:09.183  3761  3761 I Finsky  : [2] mrk.jU(11): DTU: Received onPackageAdded, replacing: true
05-26 14:23:09.187  3761  3761 I Finsky  : [2] hyz.f(7): AIM: AppInfoCacheUpdater -> invalidating apps: [com.example.jellyfinnew]
05-26 14:23:09.187  3761  3761 I Finsky  : [2] hzo.b(19): AIM: AppInfoManager-Perf > getApps > called for 1 apps
05-26 14:23:09.191  3761  3786 I Finsky  : [58] iav.a(47): AIM: AppInfoManager-Perf > OnDeviceAppInfo > cacheHitCount=0, cacheMissCount=1. Missed  in cache (limit 10) : [com.example.jellyfinnew]
05-26 14:23:09.193  3761  3786 I Finsky  : [58] hfs.apply(1174): AIM: Got app ownership map. App counts: . Unique apps: 0
05-26 14:23:09.193  3761  3786 E Finsky  : [58] jmc.c(47): [Counters] attempted to use a non-positive increment for: 4752
05-26 14:23:09.193  3761  3786 E Finsky  : [58] jmc.c(47): [Counters] attempted to use a non-positive increment for: 4753
05-26 14:23:09.193  3761  3797 I Finsky  : [65] iav.a(47): AIM: AppInfoManager-Perf > OnDeviceAppInfo > cacheHitCount=1, cacheMissCount=0. Missed  in cache (limit 10) : []
05-26 14:23:09.194  3791 13057 I Finsky:background: [197] lak.accept(98): Wrote row to frosting DB: 218
05-26 14:23:09.195  3761  3797 I Finsky  : [65] hfs.apply(1174): AIM: Got app ownership map. App counts: . Unique apps: 0
05-26 14:23:09.195  3761  3797 E Finsky  : [65] jmc.c(47): [Counters] attempted to use a non-positive increment for: 4752
05-26 14:23:09.195  3761  3797 E Finsky  : [65] jmc.c(47): [Counters] attempted to use a non-positive increment for: 4753
05-26 14:23:09.196   656  1065 D ActivityManager: sync unfroze 1081 com.google.android.permissioncontroller for 6
05-26 14:23:09.197  1081  1081 D ActivityThread: Package [com.example.jellyfinnew] reported as REPLACED, but missing application info. Assuming REMOVED.
05-26 14:23:09.199  1081  1081 D ActivityThread: Package [com.example.jellyfinnew] reported as REPLACED, but missing application info. Assuming REMOVED.
05-26 14:23:09.204  1081  9833 I PermissionControllerServiceImpl: Updating user sensitive for uid 10092
05-26 14:23:09.207 12355 12357 I artd    : GetBestInfo: /data/app/~~Yeq1jYvRDfzZ08eg8jVBcQ==/com.example.jellyfinnew-Lj18H1Akn7ZDBDMNPEQDWQ==/base.apk has no usable artifacts
05-26 14:23:09.208   656   656 D AppSearchAppsIndexerManagerS: userid in package receiver: 10092
05-26 14:23:09.208  3761  3797 I Finsky  : [65] iaq.a(211): AIM: AppInfoManager-Perf > ItemModel > CacheSize=107, cacheHitCount=1, cacheMissCount=0, total appsWithNoServerDataCount=94. Missed  in cache (limit 10) : []
05-26 14:23:09.209   656   656 D ActivityThread: Package [com.example.jellyfinnew] reported as REPLACED, but missing application info. Assuming REMOVED.
05-26 14:23:09.209  3761  3797 I Finsky  : [65] iaq.a(211): AIM: AppInfoManager-Perf > ItemModel > CacheSize=107, cacheHitCount=1, cacheMissCount=0, total appsWithNoServerDataCount=94. Missed  in cache (limit 10) : []
05-26 14:23:09.213   656  1193 W SignedPackage: Cannot get ApplicationInfo for package: com.google.android.gms.supervision
05-26 14:23:09.217  3761  3761 I Finsky  : [2] par.g(1): par - Received: android.intent.action.PACKAGE_ADDED, [n6NFGapEddwUcbPl7eiAx_b7zFdrx4kz7EB4wDL8jNw]
05-26 14:23:09.218  3761 13056 I Finsky  : [406] aovo.h(39): SCH: Received scheduling request: Id: 12-1, Constraints: [{ L: 15000, D: 86400000, C: CHARGING_NONE, I: IDLE_NONE, N: NET_ANY, B: BATTERY_ANY }]
05-26 14:23:09.219   656  1043 D BackgroundInstallControlService: Package event received: 0
05-26 14:23:09.219   656  1043 D BackgroundInstallControlService: Package event received: 0
05-26 14:23:09.221   656  1193 W SignedPackage: Cannot get ApplicationInfo for package: com.android.gallery3d
05-26 14:23:09.222  3791  3791 I Finsky:background: [2] mok.d(85): IQ: onPackageRemoved com.example.jellyfinnew, replacing=true, uninstallingFromPlay=false
05-26 14:23:09.232  3761  3761 I Finsky  : [2] par.g(1): par - Deduping intent android.intent.action.PACKAGE_ADDED
05-26 14:23:09.233  3791  3791 I Finsky:background: [2] pag.g(6): pag - Received: android.intent.action.PACKAGE_ADDED, [n6NFGapEddwUcbPl7eiAx_b7zFdrx4kz7EB4wDL8jNw]
05-26 14:23:09.237   656   656 D BackupManagerConstants: getFullBackupIntervalMilliseconds(...) returns 86400000
05-26 14:23:09.237   656   656 D BackupManagerConstants: getFullBackupRequiredNetworkType(...) returns 2
05-26 14:23:09.237   656   656 D BackupManagerConstants: getFullBackupRequireCharging(...) returns true
05-26 14:23:09.238   656   668 I system_server: Background concurrent mark compact GC freed 11MB AllocSpace bytes, 20(432KB) LOS objects, 49% free, 20MB/41MB, paused 5.505ms,1.484ms total 232.600ms
05-26 14:23:09.239  3761  3761 I Finsky  : [2] par.g(1): par - Received: android.intent.action.PACKAGE_ADDED, [n6NFGapEddwUcbPl7eiAx_b7zFdrx4kz7EB4wDL8jNw]
05-26 14:23:09.242   656  1469 I system_server: AssetManager2(0x64002654) locale list changing from [] to [en-US]
05-26 14:23:09.244  3761  3761 I Finsky  : [2] par.g(1): par - Deduping intent android.intent.action.PACKAGE_ADDED
05-26 14:23:09.245  3761  3761 D ActivityThread: Package [com.example.jellyfinnew] reported as REPLACED, but missing application info. Assuming REMOVED.
05-26 14:23:09.245  3761  3776 I Finsky  : [48] hih.g(167): RECEIVER_PACKAGE_MONITOR#logWorkEndAndFinishGoAsync: SUCCESS
05-26 14:23:09.246  3791 13057 I Finsky:background: [197] lak.accept(98): Wrote row to frosting DB: 219
05-26 14:23:09.247  3791 13060 I Finsky:background: [199] lyc.accept(183): IQ: handled package removed
05-26 14:23:09.248  3761  3799 I Finsky  : [67] hce.accept(145): AIM: AppInfoManager-Perf > getApps > data collection finished
05-26 14:23:09.248  3761  3799 I Finsky  : [67] gxw.run(396): AIM: AppInfoManager-Perf > maybeDestroyAppInfoManager is called. actives = 2
05-26 14:23:09.248  3761  3797 I Finsky  : [65] hce.accept(145): AIM: AppInfoManager-Perf > getApps > data collection finished
05-26 14:23:09.248  3761  3797 I Finsky  : [65] gxw.run(396): AIM: AppInfoManager-Perf > maybeDestroyAppInfoManager is called. actives = 1
05-26 14:23:09.249  3791  3791 I Finsky:background: [2] pag.g(6): pag - Received: android.intent.action.PACKAGE_ADDED, [n6NFGapEddwUcbPl7eiAx_b7zFdrx4kz7EB4wDL8jNw]
05-26 14:23:09.255  3791  3791 I Finsky:background: [2] pag.g(6): pag - Deduping intent android.intent.action.PACKAGE_ADDED
05-26 14:23:09.259  3791  3791 I Finsky:background: [2] pag.g(6): pag - Received: android.intent.action.PACKAGE_ADDED, [n6NFGapEddwUcbPl7eiAx_b7zFdrx4kz7EB4wDL8jNw]
05-26 14:23:09.262   656   656 D AppSearchAppsIndexerManagerS: userid in package receiver: 10092
05-26 14:23:09.266   656   656 W AlarmManager: Package com.example.jellyfinnew, uid 10092 lost permission to set exact alarms!
05-26 14:23:09.267  3791  3791 I Finsky:background: [2] pag.g(6): pag - Deduping intent android.intent.action.PACKAGE_ADDED
05-26 14:23:09.267  3791  3791 D ActivityThread: Package [com.example.jellyfinnew] reported as REPLACED, but missing application info. Assuming REMOVED.
05-26 14:23:09.268  3791  3879 I Finsky:background: [55] hih.g(167): RECEIVER_PACKAGE_MONITOR_BACKGROUND#logWorkEndAndFinishGoAsync: SUCCESS
05-26 14:23:09.268  3791 13057 I Finsky:background: [197] lak.accept(98): Wrote row to frosting DB: 220
05-26 14:23:09.276  3791 13057 I Finsky:background: [197] lak.accept(98): Wrote row to frosting DB: 221
05-26 14:23:09.277   656   670 W System  : A resource failed to call release. 
05-26 14:23:09.277   656   670 W System  : A resource failed to call HardwareBuffer.close. 
05-26 14:23:09.277   656   670 W System  : A resource failed to call close. 
05-26 14:23:09.286   656  1193 I system_server: AssetManager2(0x64008054) locale list changing from [] to [en-US]
05-26 14:23:09.286   656  1193 W SignedPackage: Cannot get ApplicationInfo for package: com.google.android.devicelockcontroller
05-26 14:23:09.292  3791 13057 I Finsky:background: [197] lak.accept(98): Wrote row to frosting DB: 222
05-26 14:23:09.298  3791 13057 I Finsky:background: [197] lak.accept(98): Wrote row to frosting DB: 223
05-26 14:23:09.505  5519  5519 I katniss_interactor_PackageCache: Rebuilding package cache for Intent { act=android.intent.action.PACKAGE_REMOVED dat=package: flg=0x4000010 (has extras) }
05-26 14:23:09.505  1458  1458 W MediaProvider: WorkProfileOwnerApps cache is empty
05-26 14:23:09.506  1458  1458 D PickerSyncLockManager: Trying to acquire lock com.android.providers.media.photopicker.sync.CloseableReentrantLock@339c3d9[Unlocked]. Lock Name = CLOUD_PROVIDER_LOCK. Threads that may be waiting to acquire this lock = []
05-26 14:23:09.506  1458  1458 D CloseableReentrantLock: Successfully acquired lock com.android.providers.media.photopicker.sync.CloseableReentrantLock@339c3d9[Locked by thread main]. Lock Name = CLOUD_PROVIDER_LOCK. Threads that may be waiting to acquire this lock = []
05-26 14:23:09.506  1458  1458 D CloseableReentrantLock: Successfully released lock com.android.providers.media.photopicker.sync.CloseableReentrantLock@339c3d9[Unlocked]. Lock Name = CLOUD_PROVIDER_LOCK. Threads that may be waiting to acquire this lock = []
05-26 14:23:09.507  5519  5519 I katniss_interactor_CecConfigFactory: Using HdmiControlManager for CEC settings
05-26 14:23:09.507  5519  5519 W SystemServiceRegistry: No service published for: hdmi_control
05-26 14:23:09.508  5519  5519 I katniss_interactor_PackageCache: Rebuilding package cache for Intent { act=android.intent.action.PACKAGE_ADDED dat=package: flg=0x4000010 (has extras) }
05-26 14:23:09.509  5519  5519 I katniss_interactor_CecConfigFactory: Using HdmiControlManager for CEC settings
05-26 14:23:09.510  5519  5541 I katniss_interactor_PackageCache: Apps for Intent { act=android.intent.action.MAIN cat=[android.intent.category.LEANBACK_LAUNCHER] }: [AppInfo(enabled=true, longVersionCode=1, packageName=com.android.tv.settings, versionCode=1, versionName=1.0), AppInfo(enabled=true, longVersionCode=999999999, packageName=com.android.tv, versionCode=999999999, versionName=1.24-asop), AppInfo(enabled=true, longVersionCode=84621718, packageName=com.android.vending, versionCode=84621718, versionName=46.2.17-31 [8] [PR] 756855641), AppInfo(enabled=true, longVersionCode=530301360, packageName=com.google.android.youtube.tv, versionCode=530301360, versionName=5.30.301), AppInfo(enabled=true, longVersionCode=111003320, packageName=com.google.android.youtube.tvmusic, versionCode=111003320, versionName=1.11.03), AppInfo(enabled=true, longVersionCode=551074470, packageName=com.google.android.play.games, versionCode=551074470, versionName=2024.09.55107 (700264509.700264509-040700)), AppInfo(enabled=true, longVersionCode=1, packageName=com.example.jellyfinnew, versionCode=1, versionName=1.0)]
05-26 14:23:09.510  5519  5519 W SystemServiceRegistry: No service published for: hdmi_control
05-26 14:23:09.510  5519  5519 I katniss_interactor_PackageCache: Rebuilding package cache for Intent { act=android.intent.action.PACKAGE_REPLACED dat=package: flg=0x4000010 (has extras) }
05-26 14:23:09.511  5519  5533 I katniss_interactor_PackageCache: Apps for Intent { act=android.intent.action.MAIN cat=[android.intent.category.LEANBACK_LAUNCHER] }: [AppInfo(enabled=true, longVersionCode=1, packageName=com.android.tv.settings, versionCode=1, versionName=1.0), AppInfo(enabled=true, longVersionCode=999999999, packageName=com.android.tv, versionCode=999999999, versionName=1.24-asop), AppInfo(enabled=true, longVersionCode=84621718, packageName=com.android.vending, versionCode=84621718, versionName=46.2.17-31 [8] [PR] 756855641), AppInfo(enabled=true, longVersionCode=530301360, packageName=com.google.android.youtube.tv, versionCode=530301360, versionName=5.30.301), AppInfo(enabled=true, longVersionCode=111003320, packageName=com.google.android.youtube.tvmusic, versionCode=111003320, versionName=1.11.03), AppInfo(enabled=true, longVersionCode=551074470, packageName=com.google.android.play.games, versionCode=551074470, versionName=2024.09.55107 (700264509.700264509-040700)), AppInfo(enabled=true, longVersionCode=1, packageName=com.example.jellyfinnew, versionCode=1, versionName=1.0)]
05-26 14:23:09.511  5519  5541 I katniss_interactor_PackageCache: Apps for Intent { act=android.intent.action.MAIN cat=[android.intent.category.LEANBACK_SETTINGS] }: [AppInfo(enabled=true, longVersionCode=1, packageName=com.android.tv.settings, versionCode=1, versionName=1.0), AppInfo(enabled=true, longVersionCode=1, packageName=com.android.tv.settings, versionCode=1, versionName=1.0)]
05-26 14:23:09.513  5519  5533 I katniss_interactor_PackageCache: Apps for Intent { act=android.intent.action.MAIN cat=[android.intent.category.LEANBACK_SETTINGS] }: [AppInfo(enabled=true, longVersionCode=1, packageName=com.android.tv.settings, versionCode=1, versionName=1.0), AppInfo(enabled=true, longVersionCode=1, packageName=com.android.tv.settings, versionCode=1, versionName=1.0)]
05-26 14:23:09.514  5519  5543 I katniss_interactor_PackageCache: Apps for Intent { act=android.intent.action.MAIN cat=[android.intent.category.LEANBACK_LAUNCHER] }: [AppInfo(enabled=true, longVersionCode=1, packageName=com.android.tv.settings, versionCode=1, versionName=1.0), AppInfo(enabled=true, longVersionCode=999999999, packageName=com.android.tv, versionCode=999999999, versionName=1.24-asop), AppInfo(enabled=true, longVersionCode=84621718, packageName=com.android.vending, versionCode=84621718, versionName=46.2.17-31 [8] [PR] 756855641), AppInfo(enabled=true, longVersionCode=530301360, packageName=com.google.android.youtube.tv, versionCode=530301360, versionName=5.30.301), AppInfo(enabled=true, longVersionCode=111003320, packageName=com.google.android.youtube.tvmusic, versionCode=111003320, versionName=1.11.03), AppInfo(enabled=true, longVersionCode=551074470, packageName=com.google.android.play.games, versionCode=551074470, versionName=2024.09.55107 (700264509.700264509-040700)), AppInfo(enabled=true, longVersionCode=1, packageName=com.example.jellyfinnew, versionCode=1, versionName=1.0)]
05-26 14:23:09.515  5519  5541 I katniss_interactor_PackageCache: Apps for Intent { act=android.intent.action.MAIN cat=[android.intent.category.HOME] }: [AppInfo(enabled=true, longVersionCode=626419, packageName=com.google.android.apps.tv.launcherx, versionCode=626419, versionName=1.0.732145865), AppInfo(enabled=true, longVersionCode=1, packageName=com.android.tv.settings, versionCode=1, versionName=1.0)]
05-26 14:23:09.515  5519  5533 I katniss_interactor_PackageCache: Apps for Intent { act=android.intent.action.MAIN cat=[android.intent.category.HOME] }: [AppInfo(enabled=true, longVersionCode=626419, packageName=com.google.android.apps.tv.launcherx, versionCode=626419, versionName=1.0.732145865), AppInfo(enabled=true, longVersionCode=1, packageName=com.android.tv.settings, versionCode=1, versionName=1.0)]
05-26 14:23:09.517  5519  5533 I katniss_interactor_PackageCache: Apps for Intent { act=com.google.assistant.DATA_SHARING_CONSENT }: [AppInfo(enabled=true, longVersionCode=15005843, packageName=com.google.android.katniss, versionCode=15005843, versionName=7.21.728818784.2)]
05-26 14:23:09.518  5519  5541 I katniss_interactor_PackageCache: Apps for Intent { act=com.google.assistant.DATA_SHARING_CONSENT }: [AppInfo(enabled=true, longVersionCode=15005843, packageName=com.google.android.katniss, versionCode=15005843, versionName=7.21.728818784.2)]
05-26 14:23:09.519  5519  5541 I katniss_interactor_PackageCache: Apps for experience type AMATI: [AppInfo(enabled=true, longVersionCode=314896, packageName=com.google.android.apps.tv.dreamx, versionCode=314896, versionName=3.1.0.721404302), AppInfo(enabled=true, longVersionCode=250833120, packageName=com.google.android.gms, versionCode=250833120, versionName=25.08.33 (180706-736167223)), AppInfo(enabled=true, longVersionCode=626419, packageName=com.google.android.apps.tv.launcherx, versionCode=626419, versionName=1.0.732145865), AppInfo(enabled=true, longVersionCode=530301360, packageName=com.google.android.youtube.tv, versionCode=530301360, versionName=5.30.301)]
05-26 14:23:09.520  5519  5543 I katniss_interactor_PackageCache: Apps for Intent { act=android.intent.action.MAIN cat=[android.intent.category.LEANBACK_SETTINGS] }: [AppInfo(enabled=true, longVersionCode=1, packageName=com.android.tv.settings, versionCode=1, versionName=1.0), AppInfo(enabled=true, longVersionCode=1, packageName=com.android.tv.settings, versionCode=1, versionName=1.0)]
05-26 14:23:09.520  5519  5542 I katniss_interactor_InstalledAppsMonitor: Received PackageCache update
05-26 14:23:09.521  5519  5539 I katniss_interactor_KatnissAccountManagerImpl: Read invalid search account from PDS
05-26 14:23:09.521  5519  5539 I katniss_interactor_KatnissAccountManagerImpl: Read invalid search account from PDS
05-26 14:23:09.521  5519  5533 I katniss_interactor_PackageCache: Apps for experience type AMATI: [AppInfo(enabled=true, longVersionCode=314896, packageName=com.google.android.apps.tv.dreamx, versionCode=314896, versionName=3.1.0.721404302), AppInfo(enabled=true, longVersionCode=250833120, packageName=com.google.android.gms, versionCode=250833120, versionName=25.08.33 (180706-736167223)), AppInfo(enabled=true, longVersionCode=626419, packageName=com.google.android.apps.tv.launcherx, versionCode=626419, versionName=1.0.732145865), AppInfo(enabled=true, longVersionCode=530301360, packageName=com.google.android.youtube.tv, versionCode=530301360, versionName=5.30.301)]
05-26 14:23:09.522  5519  5540 I katniss_interactor_KatnissAccountManagerImpl: Read invalid search account from PDS
05-26 14:23:09.523  5519  5540 I katniss_interactor_KatnissAccountManagerImpl: Read invalid search account from PDS
05-26 14:23:09.524  5519  5543 I katniss_interactor_PackageCache: Apps for Intent { act=android.intent.action.MAIN cat=[android.intent.category.HOME] }: [AppInfo(enabled=true, longVersionCode=626419, packageName=com.google.android.apps.tv.launcherx, versionCode=626419, versionName=1.0.732145865), AppInfo(enabled=true, longVersionCode=1, packageName=com.android.tv.settings, versionCode=1, versionName=1.0)]
05-26 14:23:09.525  5519  5533 I katniss_interactor_InstalledAppsMonitor: Received PackageCache update
05-26 14:23:09.527  5519  5543 I katniss_interactor_PackageCache: Apps for Intent { act=com.google.assistant.DATA_SHARING_CONSENT }: [AppInfo(enabled=true, longVersionCode=15005843, packageName=com.google.android.katniss, versionCode=15005843, versionName=7.21.728818784.2)]
