05-26 14:23:09.527  5519  5543 I katniss_interactor_PackageCache: Apps for experience type AMATI: [AppInfo(enabled=true, longVersionCode=314896, packageName=com.google.android.apps.tv.dreamx, versionCode=314896, versionName=3.1.0.721404302), AppInfo(enabled=true, longVersionCode=250833120, packageName=com.google.android.gms, versionCode=250833120, versionName=25.08.33 (180706-736167223)), AppInfo(enabled=true, longVersionCode=626419, packageName=com.google.android.apps.tv.launcherx, versionCode=626419, versionName=1.0.732145865), AppInfo(enabled=true, longVersionCode=530301360, packageName=com.google.android.youtube.tv, versionCode=530301360, versionName=5.30.301)]
05-26 14:23:09.527  5519  5543 I katniss_interactor_InstalledAppsMonitor: Received PackageCache update
05-26 14:23:09.528  5519  5540 I katniss_interactor_KatnissAccountManagerImpl: Read invalid search account from PDS
05-26 14:23:09.529  5519  5540 I katniss_interactor_KatnissAccountManagerImpl: Read invalid search account from PDS
05-26 14:23:09.535  1652 13069 I Blockstore: [PackageIntentOperation] Feature flags not enabled, skipping. [CONTEXT service_id=258 ]
05-26 14:23:09.542  1652 13089 I Auth    : (REDACTED) [SupervisedAccountIntentOperationV2] onHandleIntent: %s
05-26 14:23:09.546  1330 13073 I FontLog : (REDACTED) Package %s has no metadata
05-26 14:23:09.550  1652  1652 D BoundBrokerSvc: onBind: Intent { act=com.google.android.gms.common.BIND_SHARED_PREFS xflg=0x4 pkg=com.google.android.gms }
05-26 14:23:09.551  1652  1652 D BoundBrokerSvc: Loading bound service for intent: Intent { act=com.google.android.gms.common.BIND_SHARED_PREFS xflg=0x4 pkg=com.google.android.gms }
05-26 14:23:09.555  1652 13071 W SQLiteLog: (28) double-quoted string literal: "com.example.jellyfinnew"
05-26 14:23:09.555  1652  2106 I gle.android.gms: AssetManager2(0xe1f0c614) locale list changing from [] to [en-US]
05-26 14:23:09.558  1652 13089 I Blockstore: [PackageIntentOperation] Feature flags not enabled, skipping. [CONTEXT service_id=258 ]
05-26 14:23:09.580  1652  2157 I Icing   : IndexChimeraService.getServiceInterface callingPackage=com.google.android.gms componentName=AppsCorpus serviceId=36
05-26 14:23:09.586  1652  1652 D BoundBrokerSvc: onBind: Intent { act=com.google.android.gms.feedback.internal.IFeedbackService dat=chimera-action:/... xflg=0x4 cmp=com.google.android.gms/.chimera.GmsBoundBrokerService }
05-26 14:23:09.586  1652  1652 D BoundBrokerSvc: Loading bound service for intent: Intent { act=com.google.android.gms.feedback.internal.IFeedbackService dat=chimera-action:/... xflg=0x4 cmp=com.google.android.gms/.chimera.GmsBoundBrokerService }
05-26 14:23:09.597  1652  2157 I Icing   : IndexChimeraService.getServiceInterface callingPackage=com.google.android.gms componentName=null serviceId=30
05-26 14:23:09.598  1652  4189 I Icing   : Usage reports ok 1, Failed Usage reports 0, indexed 0, rejected 0
05-26 14:23:09.610  1652  4189 I Icing   : Usage reports ok 0, Failed Usage reports 0, indexed 0, rejected 0
05-26 14:23:09.619  1652  4189 I Icing   : Indexing com.google.android.gms-apps from com.google.android.gms
05-26 14:23:09.621  1652  4189 I Icing   : Indexing done com.google.android.gms-apps
05-26 14:23:09.621  1652  4189 I Icing   : Indexing com.google.android.gms-apps from com.google.android.gms
05-26 14:23:09.622  1652  4189 I Icing   : Indexing done com.google.android.gms-apps
05-26 14:23:09.819  3761  3786 I Finsky  : [58] owo.accept(21): SCH: Scheduling phonesky job Id: 12-1, CT: 1748294589218, Constraints: [{ L: 15000, D: 86400000, C: CHARGING_NONE, I: IDLE_NONE, N: NET_ANY, B: BATTERY_ANY }]
05-26 14:23:09.822  3761  3800 I Finsky  : [68] rky.apply(509): SCH: Scheduling 1 system job(s)
05-26 14:23:09.823  3761  3800 I Finsky  : [68] row.b(244): SCH: Scheduling system job Id: 9230, L: 14396, D: 43794221, C: false, I: false, N: 1
05-26 14:23:09.829  3761  3786 I Finsky  : [58] owo.accept(21): SCH: Scheduling phonesky job Id: 12-1, CT: 1748294589171, Constraints: [{ L: 15000, D: 86400000, C: CHARGING_NONE, I: IDLE_NONE, N: NET_ANY, B: BATTERY_ANY }]
05-26 14:23:09.829  3761  3783 I Finsky  : [55] jng.a(236): [ContentSync] finished, scheduled=true
05-26 14:23:09.832  3761  3797 I Finsky  : [65] rky.apply(509): SCH: Scheduling 1 system job(s)
05-26 14:23:09.832  3761  3797 I Finsky  : [65] row.b(244): SCH: Scheduling system job Id: 9230, L: 14339, D: 43794211, C: false, I: false, N: 1
05-26 14:23:09.837  3761  3784 I Finsky  : [56] jng.a(236): [ContentSync] finished, scheduled=true
05-26 14:23:23.992   656  1170 W ProcessStats: Tracking association SourceState{25da11 com.google.android.gms/10053 BTop #8365} whose proc state 2 is better than process ProcessState{5267439 com.google.android.adservices.api/10073 pkg=com.google.android.adservices.api} proc state 14 (88 skipped)
05-26 14:23:24.400  2873  2873 D WVCdm   : [crypto_session.cpp(927):Open] Opening crypto session: requested_security_level = Default
05-26 14:23:24.401  2873  2873 I WVCdm   : [file_utils.cpp(38):Exists] stat failed: ENOENT
05-26 14:23:24.401  2873  2873 I WVCdm   : [file_utils.cpp(38):Exists] stat failed: ENOENT
05-26 14:23:24.401  2873  2873 I WVCdm   : [cdm_engine.cpp(218):OpenSession] New session: session_id = sid87
05-26 14:23:24.402  2873  2873 I WVCdm   : [cdm_engine.cpp(1093):QueryOemCryptoSessionId] session_id = sid87
05-26 14:23:24.406  2873  2873 I WVCdm   : [cdm_engine.cpp(998):QuerySessionStatus] session_id = sid87
05-26 14:23:24.406  2873  2873 I WVCdm   : [cdm_engine.cpp(263):CloseSession] session_id = sid87
05-26 14:23:24.408  2269  2844 I cast_ClientAuthCredsWidevine: ensureProvisioned: already provisioned, nothing more to do.
05-26 14:23:24.408  2873  2873 I WVCdm   : [cdm_engine.cpp(1158):GetProvisioningRequest] cert_type = x509
05-26 14:23:24.409  2873  2873 D WVCdm   : [certificate_provisioning.cpp(238):GetProvisioningRequestInternal] Overriding old request: state = DrmRequestSent
05-26 14:23:24.409  2873  2873 D WVCdm   : [crypto_session.cpp(927):Open] Opening crypto session: requested_security_level = Default
05-26 14:23:24.428  2269  2844 D cast_ClientAuthCredsWidevine: [ClientAuthCredsWidevine.java:275] PostRequest:https://www.googleapis.com/certificateprovisioning/v1/devicecertificates/create?key=AIzaSyB-5OLKTx2iU5mko18DfdwK5611JIjbUhE&signedRequest=CqgcEgQkSJS9GhMIARIPY2FzdC5nb29nbGUuY29tKugbCgx3aWRldmluZS5jb20SEFFDT-KkTHY7zCyCai1u-acasBk4vD3qxY1vwmJGHXOiY2nZkAUFB95W7UVz6z894MinWtBlCdWiwXq_hWfH5VAxLenKTsyV0jI5tnicE-TBlo4CTXXx8hqqkhSxsrmsI9jrKkIYUKkmDkCxPZRKT3vprXnfXPuH3Xob5akRwF6nVw7WqHXfwYTzoK0pW1K4ygSafeixArWsAjYqX3td-Ib1C0EFClOigmZG_4-rtDb6NI_O65SWCxSTDUvs5q8IHa4LK0E7jtDRYeZJY3URYl1V88gU2-qxm6ZDjk07FxTGlcm8dIfGbAIlyWXDijfOi-gNXJjVUE4wuTIzgfL3tOBXbvYr5IyAxk8Q06H66JSpfybZp2v8Q8IXnENWBAKaeVsUI-jHSGxJZiv6oTm90dpNP2g0AwKF3FBErixFl_MkOpLJ2-QavIYmrR8CMvYZORrOvABwtRnR0MfbD8nShIbGfWA-uR1oS1H0vVn21U99BPHtBweEqMg9r9oEPOTTdd-9RG7siS9WJGWWzFnDcjEBoIQrOVsu-PdE-bnAf07n0CVNGyk_9DDGAFIURAxzU_431LiuZl85mLfrKBan9DJXMkenkKN7gEAWjU8QLnCySZ2BlCfSDi1Bmrz8Y3XxvutYV7gD35nuTsS-0DydDS27949ehuX5OocbTY6L5YtpamP4_CHyfXTRkel4S5V_kf7nZLOqNt794mSsljOe5z0WZlkOnd-ayk0U2IqHYhRuczUh7j99kjGyW0EY4aKObi-UkIGo5efDvD_PeBptvQyJ4AX5iYiqZvAeq9ZCWLZwDuotr0bIS-kWYe81ded6NcjmD1W_LETgs7uQ9mUaQ0M-pIF_x50ATmigbgXfEW_itthITAL3V_RJDrRqNde18dbWIU5IoZhAjwuLKmTsJ0nRSkeInpeIyzBu0swdW37mayQfJxW8bvfhp-2h_eVkDAuYvRCAWZXxhgKwl_L77jyKXrF42O-qJP3-H9ekIOVVkYztRNO9gUW0sXy4xQdtZybXEEcCM1ggiVhm2dvpieZXGxgvES1yKkazT8kKp_LS6001vP1AhoGiTZlWFlgqZzWxtQc_BMhshPghMK-UlvOAEwc5dx84cJ4OwBR27CEY-OO8RmxA1ABBV1mZGryETXppjX_CKL7A3e0IJ-a9DYgSvEfc-hpOOCXK72i2eafJIKEzQaCuU66dA7sAMo_eaMEKDutFlwLCN2JJBYnj2LtbZ_mbPh6Epj7oG37x9dVmbpCTwiF37N-pm6SaHVUkCVbgj_W8fzyYiXSFVFwwSvkxna5_DZNymVfED91rRNG_XSpainN9uKsVuHZ8H-ib1ERxJqC18HnjJOguJRf2z-h6Xk8qqf-0M9jqtLZcEQtxl0oH4fgApGHEBO8hzRXvNaJxxWd6DamkEjhui1T0SjOhCK7xq-1tGmtoZSg8geqi6TsLrdeSvl45bD4mdGzc3I1VJxUBf6ehVw367g91Jvus1Mato8lCsa7ij9IgzAtfbBlJRDxsOW4kkGWG1Rh7qKHHnA9ogK-B5ZuK5jr3R6i1vw7QidxElNGDZIO1_ZS_V6PuwWsYNa7oJ5BAGQmWmgQz4RLMNCMIFOWkFB355AUU1vi1hYZK_4c1U1Zib_AS6pFJjtu9bdOpCKXHlFp5xxhcnk2b6QGskuh3IPsB-DDUPuHPkB3PEFwyGcAMA2acYiMgytQgHpgBdJPZgpRR6KpPRqRGVMkv2Kf6vARyzXs4RGnA_EGDMNywI1c1Ln2JlR8tzfLYhBGuGIKt2lQFsuLLOCusgyGEGO4mZMQ2nO_-gwk6hyNOHFau4CizvWHQlHh1OOmh7w-P1unGnsV9zN3Wq5i7lgWAXPhTnBu6oYuEwSXl_CmkXx3Kbq0V2hLULjt_qIIHbeXBIgjuVlBD4-pAGDNOGrAB5QxY5zn4lZE_rHKy9y1pYf8nGFuHLPXmBa-3LeIluA90VyN7fSZ0BD3tgKjA2rhSThRClLSppg-GkJqkxKZDrmqWw1oVa31TPxiGjaPR3jhgagXiKFqhyqUmkluzdNajo2QBCV4DO_208V13eshSLZuIu0wtxIv_SvZuASwCdOSS8wOVdm7PYsmUJK-3iMLGLuUmHzW1qcjiX4yzRkFLwTqAmtbG9pkxwS-wHXHpwDCGISrXeA1sI72HTDBWmxGZiLY9AMdoRVc0YIYW0a71GIFueKltwoheDmnbVscWMKJ_fmUYCRVbSnLoJaroW3SezzSmufMI0oc4RqJH7x5xDWNNEOt_n58AgnXwCnb7ssQYCdp-iax-_Vdq7iqoL6dy2ZMzmfq9wm7z59zKhiN9e-ZRoJe59mn7yqDLc6op5EM2HoMvtTAM3q7lTB4APZTOqYOIY51rGmYpyDPev_A-2hke4LwrH6vFd3R16IIaFyCNSNpYMua57OWeOznALxNVgKlYrFW8nc26Et-JJVLVy9nlOZRrc6yWEAtMDwN11UQdAHvSPu6DKUvL-X_JV3fiX3vkWQj-brCcrNBImvm7-kjsh5apwlj5SWXZbLiVv4EGJThjJnUSJNSX9yxc_X2B2LTKHZMYpHDQ-NG7qpazDr8UDUapLlyF9-2WDT8zGlfePg5no1NCFK2PixnQdW9P1B7GE5N-7I9m-mP-nejX6gDh85Gn1ma61ASTqXP8bpfunJA7sdBNa3qPu9tT8CJwviSWPdSFIM7A_H28e5jqMwqcr7vQJ6MrzFxFDWYQmHnQsC1G5Wyu1mcyaXRvNADvz1ZKFK0ypc1ckYK3tV20MfhWvxqs3ycfm0XPh6qn2Hs2ZDQrjw-vcqwlPPX9g3ca-UL6Y6FDCP2EntNxEBMzGlm5jKUELNldH2sXKJXoxdYPCJLhM64xMADO-RbUY9Qo4R2UOfmaVPOnYa-TzT8D6p5Yl_FI3pCVgwhXtWYocCaDpFuVX-lxd9gIF6GJaSIl-l54vymt2bEuCdKUS6eTpmgdcMmZpkgrXQvp8X88jwD7sfJT1GQjeF8x40Om35_IFa5g_k0W90dE7t-0cVk6LrD4V_MV_e69sNtOZPhhHpSeXdATXkOEfgWNEOLz1EZ4VprCPKlqMioO-Zfk8kXMcgl4rhdPgV49rmxA2-hbhQXMJ39DpUxT3LAkGcpz1V_lhTRwKcy49g3XPKJ6i-BWDeNzcfdivvVCgcso2IOwhIG1Bteey3r_By2z9TRLEcHsqDwnF-dgXjED7ZG9YdYUhRvGpoddP6-Im-Z7ZSUVNZKK8rB-zdGDmHS9GEAVF3YIV4W7E7mj-01veQbnp-vmFpSi-L-TFwp2x4fFXu7MaOFtmYEyofR8jqwprseGVGWEKioasVdnHBd5G98WmnxSjmIptiRf3vDD7hpi-mQYydTR5eLtBMLo4klCn4frEL9ViG8xvfqhdanaYYIVmwBrEGIt4YouiPmDKGXNVgcU59IOsu1AC1hMwcmy7TMTocbFEH7uD3AZAZ7jLZ__SMdM0zvCNn5lu_4Uh3jii7P5zNaL6rvl5SKqjXrFIShhEjhtHcSo6_w54OsLpCKyZqgM0_eTtDbq1CevDkWmKK8OyvCAfoSqXW2zxkahh_X6c3_Yj2GWbDIM4kWQkvExNUVOKzDdP8HvT4JwBSF-6ffUR8ybIJ6ha__Aths4fyAzpUQ6THr6uBYoDXhbbZjsYX5PAmo7KzGrTHL0EBBS4Bzo1IOyZFpr4qZIMN63OzcyIqGBKuXxZ4HlZlAIEh0yAfUgxLZmnCw5eR30A4Zt7kdhs6TeSL-9jH2QTBXjHMNhWG4E
05-26 14:23:24.638  1652  1652 D BoundBrokerSvc: onUnbind: Intent { act=com.google.android.gms.feedback.internal.IFeedbackService dat=chimera-action:/... xflg=0x4 cmp=com.google.android.gms/.chimera.GmsBoundBrokerService }
05-26 14:23:24.886  2269  2844 E cast_ClientAuthCredsWidevine: Server returned HTTP error code 403
05-26 14:23:24.886  2269  2844 E cast_ClientAuthCredsWidevine: attemptCredsProvisioning. Received null response.
05-26 14:23:24.886  2269  2844 I cast_ClientAuthCredsProvisioning: ClientAuthCredsProvisioning. Next attempt(secs): 60
05-26 14:23:25.304  3791  3791 I Finsky:background: [2] nza.onTrimMemory(11): Memory trim requested to level 40
05-26 14:23:25.304  3761  3761 I Finsky  : [2] nza.onTrimMemory(11): Memory trim requested to level 40
05-26 14:23:25.304  3761  3761 I Finsky  : [2] qkh.accept(139): Flushing in-memory image cache
05-26 14:23:25.307  4003  4003 I Finsky:quick_launch: [2] nza.onTrimMemory(11): Memory trim requested to level 40
05-26 14:23:26.267  2269  2269 I cast_shell: [2269:2269:INFO:service_base.h(78)] Size of the map for type AuthTokenResponse is 0
05-26 14:23:26.486  2269  2269 I cast_shell: [2269:2269:INFO:service_base.h(246)] Container sizes for type CloudSetting are (session_info_map: 0), (topic_info_map: 21), (pending_events: 0).
05-26 14:23:26.554  2269  2269 I cast_shell: [2269:2269:INFO:service_base.h(78)] Size of the map for type LocalDeviceInfo is 0
05-26 14:23:26.554  2269  2269 I cast_shell: [2269:2269:INFO:service_base.h(78)] Size of the map for type NetworkInfo is 0
05-26 14:23:26.780  2269  2269 I cast_shell: [2269:2269:INFO:metrics_stat_logger.cc(54)] Metrics stat for the past 60 secs : total=6
05-26 14:23:26.780  2269  2269 I cast_shell: [metrics_stat_logger] Cast.CecHdmiInputState.Unknown=1
05-26 14:23:26.780  2269  2269 I cast_shell: [metrics_stat_logger] Cast.CecStandby.Unknown=1
05-26 14:23:26.780  2269  2269 I cast_shell: [metrics_stat_logger] Cast.ConnectionType.Ethernet=1
05-26 14:23:26.780  2269  2269 I cast_shell: [metrics_stat_logger] Cast.Network.CheckIn=1
05-26 14:23:26.780  2269  2269 I cast_shell: [metrics_stat_logger] Usonia.DirectoryService.ReceiveHeartbeatIsRoot=2
05-26 14:23:26.780  2269  2269 I cast_shell: [metrics_stat_logger] Usonia.DirectoryService.SendHeartbeat=4
05-26 14:23:29.256   656   759 D ActivityManager: freezing 1081 com.google.android.permissioncontroller
05-26 14:23:29.263   656  1001 D InetDiagMessage: Destroyed 0 sockets, proto=IPPROTO_TCP, family=AF_INET, states=14
05-26 14:23:29.263   656  1001 D InetDiagMessage: Destroyed 0 sockets, proto=IPPROTO_TCP, family=AF_INET6, states=14
05-26 14:23:29.264   656  1001 D InetDiagMessage: Destroyed live tcp sockets for uids={10087} in 2ms
05-26 14:23:34.937  3761  3761 I Finsky  : [2] rqh.onStartJob(128): SCH: job service start with id 9230.
05-26 14:23:34.940  3761 13056 I Finsky  : [406] rkt.a(318): SCH: Satisfied jobs for 9230 are: 12-1
05-26 14:23:34.941  3761 13100 I Finsky  : [408] rou.accept(658): SCH: Job 12-1 starting
05-26 14:23:34.941  3761  3761 I Finsky  : [2] ContentSyncJob.i(9): [ContentSync] job started
05-26 14:23:34.952  3761 13101 I Finsky  : [409] ija.a(199): App states replicator found 3 unowned apps
05-26 14:23:34.953  3761 13101 I Finsky  : [409] ijf.b(18): Completed 0 account content syncs with 0 successful.
05-26 14:23:34.954  3761  3761 I Finsky  : [2] ContentSyncJob.a(12): [ContentSync] Installation state replication succeeded.
05-26 14:23:34.954  3761  3761 I Finsky  : [2] rpb.q(56): SCH: jobFinished: 12-1. TimeElapsed: 13ms.
05-26 14:23:34.969  3761  3786 I Finsky  : [58] owo.accept(21): SCH: Scheduling phonesky job Id: 1-1337, CT: 1748289478267, Constraints: [{ L: 14399997, D: 48905776, C: CHARGING_NONE, I: IDLE_NONE, N: NET_ANY, B: BATTERY_ANY }]
05-26 14:23:34.971  3761  3799 I Finsky  : [67] rky.apply(509): SCH: Scheduling 1 system job(s)
05-26 14:23:34.972  3761  3799 I Finsky  : [67] row.b(244): SCH: Scheduling system job Id: 9233, L: 9263292, D: 43769071, C: false, I: false, N: 1
05-26 14:23:34.976  3761 13100 I Finsky  : [408] rqh.a(24): SCH: job service finished with id 9230.
05-26 14:23:34.980  3791  3791 I Finsky:background: [2] nza.onTrimMemory(11): Memory trim requested to level 40
05-26 14:23:34.981  3761  3761 I Finsky  : [2] nza.onTrimMemory(11): Memory trim requested to level 40
05-26 14:23:34.981  3761  3761 I Finsky  : [2] qkh.accept(139): Flushing in-memory image cache
05-26 14:23:35.305   656   759 D ActivityManager: freezing 3884 com.android.vending:instant_app_installer
05-26 14:23:35.306   656   759 D ActivityManager: freezing 4003 com.android.vending:quick_launch
05-26 14:23:45.022   656   759 D ActivityManager: freezing 3761 com.android.vending
05-26 14:23:45.023   656   759 D ActivityManager: freezing 3791 com.android.vending:background
05-26 14:23:45.063   656  1001 D InetDiagMessage: Destroyed 0 sockets, proto=IPPROTO_TCP, family=AF_INET, states=14
05-26 14:23:45.064   656  1001 D InetDiagMessage: Destroyed 2 sockets, proto=IPPROTO_TCP, family=AF_INET6, states=14
05-26 14:23:45.064   656  1001 D InetDiagMessage: Destroyed live tcp sockets for uids={10052} in 1ms
05-26 14:23:49.109   656   759 D ActivityManager: freezing 1497 com.android.keychain
05-26 14:23:49.110   656   759 D ActivityManager: freezing 2295 com.android.localtransport
05-26 14:23:49.111   656   759 D ActivityManager: freezing 1231 com.android.tv.settings
05-26 14:23:49.112   656   759 D ActivityManager: freezing 2142 com.android.dynsystem:dynsystem
05-26 14:23:49.113   656   759 D ActivityManager: freezing 2122 com.android.dynsystem
05-26 14:23:53.353   656  1170 W ActivityTaskManager: callingPackage for (uid=2000, pid=13106) has no WPC
05-26 14:23:53.355   656  1170 V GrammaticalInflectionUtils: AttributionSource: android.content.AttributionSource@9e117ee5 does not have READ_SYSTEM_GRAMMATICAL_GENDER permission.
05-26 14:23:53.355   656  1170 W OptProp : Cannot read opt property android.window.PROPERTY_COMPAT_ALLOW_RESIZEABLE_ACTIVITY_OVERRIDES
05-26 14:23:53.355   656  1170 W OptProp : Cannot read opt property android.window.PROPERTY_COMPAT_ALLOW_MIN_ASPECT_RATIO_OVERRIDE
05-26 14:23:53.356   656  1170 E CellBroadcastUtils: getDefaultCellBroadcastReceiverPackageName: no package found
05-26 14:23:53.358   656  1170 W OptProp : Cannot read opt property android.window.PROPERTY_COMPAT_ALLOW_ORIENTATION_OVERRIDE
05-26 14:23:53.361   656  1170 I ActivityTaskManager: START u0 {flg=0x10000000 xflg=0x5 cmp=com.example.jellyfinnew/.MainActivity} with LAUNCH_MULTIPLE from uid 2000 (BAL_ALLOW_PERMISSION) result code=0
05-26 14:23:53.362   656   681 V GrammaticalInflectionUtils: AttributionSource: android.content.AttributionSource@9e117ee5 does not have READ_SYSTEM_GRAMMATICAL_GENDER permission.
05-26 14:23:53.367   656  1043 D BackgroundInstallControlService: Package event received: 0
05-26 14:23:53.367   448   448 D Zygote  : Forked child process 13109
05-26 14:23:53.370   656   681 W ProcessStats: Tracking association SourceState{25da11 com.google.android.gms/10053 BTop #8383} whose proc state 2 is better than process ProcessState{5267439 com.google.android.adservices.api/10073 pkg=com.google.android.adservices.api} proc state 14 (46 skipped)
05-26 14:23:53.371   656   690 I ActivityManager: Start proc 13109:com.example.jellyfinnew/u0a92 for next-top-activity {com.example.jellyfinnew/com.example.jellyfinnew.MainActivity}
05-26 14:23:53.371   656   690 I ActivityManager: ProcessObserver broadcast disabled
05-26 14:23:53.389   515   515 I BpBinder: onLastStrongRef automatically unlinking death recipients: 
05-26 14:23:53.402 13109 13109 I ple.jellyfinnew: Late-enabling -Xcheck:jni
05-26 14:23:53.412 13109 13109 I ple.jellyfinnew: Using CollectorTypeCMC GC.
05-26 14:23:53.413 13109 13109 W ple.jellyfinnew: Unexpected CPU variant for x86: x86.
05-26 14:23:53.413 13109 13109 W ple.jellyfinnew: Known variants: atom, sandybridge, silvermont, goldmont, goldmont-plus, goldmont-without-sha-xsaves, tremont, kabylake, alderlake, default
05-26 14:23:53.415  1591  1598 I adbd    : jdwp connection from 13109
05-26 14:23:53.421 13109 13109 D nativeloader: Load libframework-connectivity-tiramisu-jni.so using APEX ns com_android_tethering for caller /apex/com.android.tethering/javalib/framework-connectivity-t.jar: ok
05-26 14:23:53.432   656  1043 D BackgroundInstallControlService: Package event received: 0
05-26 14:23:53.593 13109 13109 D nativeloader: Configuring clns-9 for other apk /data/app/~~Yeq1jYvRDfzZ08eg8jVBcQ==/com.example.jellyfinnew-Lj18H1Akn7ZDBDMNPEQDWQ==/base.apk. target_sdk_version=36, uses_libraries=, library_path=/data/app/~~Yeq1jYvRDfzZ08eg8jVBcQ==/com.example.jellyfinnew-Lj18H1Akn7ZDBDMNPEQDWQ==/lib/x86:/data/app/~~Yeq1jYvRDfzZ08eg8jVBcQ==/com.example.jellyfinnew-Lj18H1Akn7ZDBDMNPEQDWQ==/base.apk!/lib/x86, permitted_path=/data:/mnt/expand:/data/user/0/com.example.jellyfinnew
05-26 14:23:53.598 13109 13109 I ple.jellyfinnew: AssetManager2(0xe1f01f94) locale list changing from [] to [en-US]
05-26 14:23:53.601 13109 13109 V GraphicsEnvironment: Currently set values for:
05-26 14:23:53.601 13109 13109 V GraphicsEnvironment:   angle_gl_driver_selection_pkgs=[]
05-26 14:23:53.601 13109 13109 V GraphicsEnvironment:   angle_gl_driver_selection_values=[]
05-26 14:23:53.601 13109 13109 V GraphicsEnvironment: com.example.jellyfinnew is not listed in per-application setting
05-26 14:23:53.601 13109 13109 V GraphicsEnvironment: ANGLE allowlist from config: 
05-26 14:23:53.601 13109 13109 V GraphicsEnvironment: com.example.jellyfinnew is not listed in ANGLE allowlist or settings, returning default
05-26 14:23:53.601 13109 13109 V GraphicsEnvironment: Neither updatable production driver nor prerelease driver is supported.
05-26 14:23:53.639   656  1043 D BackgroundInstallControlService: Package event received: 0
05-26 14:23:53.640   656  1043 D BackgroundInstallControlService: Package event received: 0
05-26 14:23:53.642   656  1189 V DisplayManagerService: FrozenStateChangeCallback not supported for pid 13109
05-26 14:23:53.644 13109 13109 I ple.jellyfinnew: AssetManager2(0xe1f00d94) locale list changing from [] to [en-US]
05-26 14:23:53.664 13109 13109 E ashmem  : Pinning is deprecated since Android Q. Please use trim or other methods.
05-26 14:23:53.668 13109 13124 I EGL_emulation: Opening libGLESv1_CM_emulation.so
05-26 14:23:53.669 13109 13124 I EGL_emulation: Opening libGLESv2_emulation.so
05-26 14:23:53.686 13109 13124 W HWUI    : Failed to choose config with EGL_SWAP_BEHAVIOR_PRESERVED, retrying without...
05-26 14:23:53.687 13109 13124 W HWUI    : Failed to initialize 101010-2 format, error = EGL_SUCCESS
05-26 14:23:53.694 13109 13109 D CompatChangeReporter: Compat change id reported: 377864165; UID 10092; state: ENABLED
05-26 14:23:53.695 13109 13109 D DesktopModeFlags: Toggle override initialized to: OVERRIDE_UNSET
05-26 14:23:53.755 13109 13109 W HWUI    : Unknown dataspace 0
05-26 14:23:53.760   656  1170 D CoreBackPreview: Window{8992462 u0 com.example.jellyfinnew/com.example.jellyfinnew.MainActivity}: Setting back callback OnBackInvokedCallbackInfo{mCallback=android.window.IOnBackInvokedCallback$Stub$Proxy@492f6b0, mPriority=-1, mIsAnimationCallback=false, mOverrideBehavior=0}
05-26 14:23:54.055 13109 13109 W VibratorManager: Failed to retrieve vibrator ids; no vibrator manager service.
05-26 14:23:54.412   656   678 I ActivityTaskManager: Displayed com.example.jellyfinnew/.MainActivity for user 0: +1s57ms
05-26 14:23:54.412   656   678 V WindowManager: Sent Transition (#64) createdAt=05-26 14:23:53.356 via request=TransitionRequestInfo { type = OPEN, triggerTask = TaskInfo{userId=0 taskId=39 effectiveUid=10092 displayId=0 isRunning=true baseIntent=Intent { flg=0x10000000 cmp=com.example.jellyfinnew/.MainActivity } baseActivity=ComponentInfo{com.example.jellyfinnew/com.example.jellyfinnew.MainActivity} topActivity=ComponentInfo{com.example.jellyfinnew/com.example.jellyfinnew.MainActivity} origActivity=null realActivity=ComponentInfo{com.example.jellyfinnew/com.example.jellyfinnew.MainActivity} numActivities=1 lastActiveTime=5233361 supportsMultiWindow=false resizeMode=1 isResizeable=true minWidth=-1 minHeight=-1 defaultMinSize=220 token=WCT{RemoteToken{df7446b Task{8553181 #39 type=standard A=10092:com.example.jellyfinnew}}} topActivityType=1 pictureInPictureParams=null shouldDockBigOverlays=true launchIntoPipHostTaskId=-1 lastParentTaskIdBeforePip=-1 displayCutoutSafeInsets=Rect(0, 0 - 0, 0) topActivityInfo=ActivityInfo{ee2ebc8 com.example.jellyfinnew.MainActivity} launchCookies=[] positionInParent=Point(0, 0) parentTaskId=-1 isFocused=false isVisible=false isVisibleRequested=false isTopActivityNoDisplay=false isSleeping=false locusId=null displayAreaFeatureId=1 isTopActivityTransparent=false isActivityStackTransparent=false lastNonFullscreenBounds=Rect(420, 237 - 1500, 844) capturedLink=null capturedLinkTimestamp=0 requestedVisibleTypes=-9 topActivityRequestOpenInBrowserEducationTimestamp=0 appCompatTaskInfo=AppCompatTaskInfo { topActivityInSizeCompat=false eligibleForLetterboxEducation= false isLetterboxEducationEnabled= false isLetterboxDoubleTapEnabled= false eligibleForUserAspectRatioButton= false topActivityBoundsLetterboxed= false isFromLetterboxDoubleTap= false topActivityLetterboxVerticalPosition= -1 topActivityLetterboxHorizontalPosition= -1 topActivityLetterboxWidth=-1 topActivityLetterboxHeight=-1 topActivityAppBounds=Rect(0, 0 - 1920, 1080) isUserFullscreenOverrideEnabled=false isSystemFullscreenOverrideEnabled=false hasMinAspectRatioOverride=false topActivityLetterboxBounds=null cameraCompatTaskInfo=CameraCompatTaskInfo { freeformCameraCompatMode=inactive}} topActivityMainWindowFrame=null}, pipChange = null, remoteTransition = null, displayChange = null, flags = 0, debugId = 64 }
05-26 14:23:54.412   656   678 V WindowManager:     startWCT=WindowContainerTransaction { changes= {} hops= [] errorCallbackToken=null taskFragmentOrganizer=null }
05-26 14:23:54.412   656   678 V WindowManager:     info={id=64 t=OPEN f=0x0 trk=0 r=[0@Point(0, 0)] c=[
05-26 14:23:54.412   656   678 V WindowManager:         {WCT{RemoteToken{df7446b Task{8553181 #39 type=standard A=10092:com.example.jellyfinnew}}} m=OPEN f=NONE leash=Surface(name=Task=39)/@0x4a8cddc sb=Rect(0, 0 - 1920, 1080) eb=Rect(0, 0 - 1920, 1080) epz=Point(1920, 1080) d=0 taskParent=-1},
05-26 14:23:54.412   656   678 V WindowManager:         {WCT{RemoteToken{aa56476 Task{a3bf810 #1 type=home}}} m=TO_BACK f=NONE leash=Surface(name=Task=1)/@0x91c4b4e sb=Rect(0, 0 - 1920, 1080) eb=Rect(0, 0 - 1920, 1080) epz=Point(1920, 1080) d=0 taskParent=-1}
05-26 14:23:54.412   656   678 V WindowManager:     ]}
05-26 14:23:54.421 13109 13109 I Choreographer: Skipped 34 frames!  The application may be doing too much work on its main thread.
05-26 14:23:54.424 13109 13120 I HWUI    : Davey! duration=774ms; Flags=1, FrameTimelineVsyncId=576654, IntendedVsync=5233638376622, Vsync=5233755043284, InputEventId=0, HandleInputStart=5233759542500, AnimationStart=5233759577400, PerformTraversalsStart=5233759744400, DrawStart=5234369041400, FrameDeadline=5233655043288, FrameStartTime=5233759249100, FrameInterval=16666666, WorkloadTarget=16666666, SyncQueued=5234371890400, SyncStart=5234381480600, IssueDrawCommandsStart=5234381860800, SwapBuffers=5234405626600, FrameCompleted=5234422202100, DequeueBufferDuration=13800, QueueBufferDuration=141300, GpuCompleted=5234422202100, SwapBuffersCompleted=5234406266500, DisplayPresentTime=0, CommandSubmissionCompleted=5234405626600, 
05-26 14:23:54.433  1330  1979 I FontLog : (REDACTED) Received query %s, URI %s
05-26 14:23:54.433  1330  1979 I FontLog : (REDACTED) Query [%s] resolved to %s
05-26 14:23:54.435  1330  1979 I FontLog : (REDACTED) Fetch %s end status %s
05-26 14:23:54.438  1330  1979 I FontLog : (REDACTED) Pulling font file for id = %d, cache size = %d
05-26 14:23:54.445  1330  1979 I FontLog : (REDACTED) Pulling font file for id = %d, cache size = %d
05-26 14:23:54.669   656   773 I ImeTracker: com.example.jellyfinnew:e625cd5c: onRequestHide at ORIGIN_SERVER reason HIDE_UNSPECIFIED_WINDOW fromUser false
05-26 14:23:54.672 13109 13109 D InsetsController: hide(ime(), fromIme=false)
05-26 14:23:54.672 13109 13109 I ImeTracker: com.example.jellyfinnew:e625cd5c: onCancelled at PHASE_CLIENT_ALREADY_HIDDEN
05-26 14:23:54.673  1526  1526 I GoogleInputMethodService: GoogleInputMethodService.onFinishInput():3184 
05-26 14:23:54.674  1526  1526 I GoogleInputMethodService: GoogleInputMethodService.updateDeviceLockedStatus():2246 repeatCheckTimes = 0, locked = false
05-26 14:23:54.674  1526  1526 I GoogleInputMethodService: GoogleInputMethodService.onStartInput():1982 onStartInput(EditorInfo{EditorInfo{packageName=com.example.jellyfinnew, inputType=0, inputTypeString=NULL, enableLearning=false, autoCorrection=false, autoComplete=false, imeOptions=0, privateImeOptions=null, actionName=UNSPECIFIED, actionLabel=null, initialSelStart=-1, initialSelEnd=-1, initialCapsMode=0, label=null, fieldId=0, fieldName=null, extras=null, hintText=null, hintLocales=[]}}, false)
05-26 14:23:54.674  1526  1526 I GoogleInputMethodService: GoogleInputMethodService.updateDeviceLockedStatus():2246 repeatCheckTimes = 1, locked = false
05-26 14:23:54.675  1526  1526 I AndroidIME: InputBundleManager.loadActiveInputBundleId():450 loadActiveInputBundleId: und-Latn-x-password, password
05-26 14:23:54.676  1526  1526 I EmojiCompatManager: EmojiCompatManager.getEmojiCompatIfLoaded():342 EmojiCompat.init() was never called.
05-26 14:23:54.676  1526  1526 I EmojiCompatManager: java.lang.IllegalStateException: EmojiCompat is not initialized. Please call EmojiCompat.init() first
05-26 14:23:54.676  1526  1526 I EmojiCompatManager: 	at so.g(PG:3)
05-26 14:23:54.676  1526  1526 I EmojiCompatManager: 	at abd.a(PG:6)
05-26 14:23:54.676  1526  1526 I EmojiCompatManager: 	at edb.d(PG:1)
05-26 14:23:54.676  1526  1526 I EmojiCompatManager: 	at edb.b(PG:6)
05-26 14:23:54.676  1526  1526 I EmojiCompatManager: 	at com.android.inputmethod.latin.LatinIME.f(PG:286)
05-26 14:23:54.676  1526  1526 I EmojiCompatManager: 	at epp.onStartInput(PG:170)
05-26 14:23:54.676  1526  1526 I EmojiCompatManager: 	at android.inputmethodservice.InputMethodService.doStartInput(InputMethodService.java:3499)
05-26 14:23:54.676  1526  1526 I EmojiCompatManager: 	at android.inputmethodservice.InputMethodService$InputMethodImpl.startInput(InputMethodService.java:871)
05-26 14:23:54.676  1526  1526 I EmojiCompatManager: 	at android.inputmethodservice.InputMethodService$InputMethodImpl.dispatchStartInput(InputMethodService.java:900)
05-26 14:23:54.676  1526  1526 I EmojiCompatManager: 	at android.inputmethodservice.IInputMethodWrapper.executeMessage(IInputMethodWrapper.java:201)
05-26 14:23:54.676  1526  1526 I EmojiCompatManager: 	at com.android.internal.os.HandlerCaller$MyHandler.handleMessage(HandlerCaller.java:44)
05-26 14:23:54.676  1526  1526 I EmojiCompatManager: 	at android.os.Handler.dispatchMessage(Handler.java:110)
05-26 14:23:54.676  1526  1526 I EmojiCompatManager: 	at android.os.Looper.loopOnce(Looper.java:248)
05-26 14:23:54.676  1526  1526 I EmojiCompatManager: 	at android.os.Looper.loop(Looper.java:338)
05-26 14:23:54.676  1526  1526 I EmojiCompatManager: 	at android.app.ActivityThread.main(ActivityThread.java:9067)
05-26 14:23:54.676  1526  1526 I EmojiCompatManager: 	at java.lang.reflect.Method.invoke(Native Method)
05-26 14:23:54.676  1526  1526 I EmojiCompatManager: 	at com.android.internal.os.RuntimeInit$MethodAndArgsCaller.run(RuntimeInit.java:593)
05-26 14:23:54.676  1526  1526 I EmojiCompatManager: 	at com.android.internal.os.ZygoteInit.main(ZygoteInit.java:932)
05-26 14:23:54.824   656   678 V WindowManager: Finish Transition (#64): created at 05-26 14:23:53.356 collect-started=0.064ms request-sent=4.704ms started=5.132ms ready=281.389ms sent=1053.715ms commit=12.439ms finished=1467.759ms
05-26 14:23:54.824  1581  1581 D VRI[HomeActivity]: visibilityChanged oldVisibility=true newVisibility=false
05-26 14:23:54.845  1581  1581 W EntityManagerImpl: Memory trim level 20, clearing (all) 0 entities
05-26 14:23:54.848  1581  1633 W TifLauncherHelper: Allow remove LastInput? com.example.jellyfinnew in foreground
05-26 14:23:54.850  1581  1633 W LastUsedInputProtoDataS: Sending last used input update broadcast
05-26 14:23:54.857  1581  1581 W LastUsedInputUpdateRece: Notify last used input data change
05-26 14:23:54.857   656  1043 D BackgroundInstallControlService: Package event received: 0
05-26 14:23:56.875   656  1956 E TaskPersister: File error accessing recents directory (directory doesn't exist?).
05-26 14:23:59.083 13109 13136 D ProfileInstaller: Installing profile for com.example.jellyfinnew
05-26 14:23:59.864   656  1001 D InetDiagMessage: Destroyed 0 sockets, proto=IPPROTO_TCP, family=AF_INET, states=14
05-26 14:23:59.865   656  1001 D InetDiagMessage: Destroyed 0 sockets, proto=IPPROTO_TCP, family=AF_INET6, states=14
05-26 14:23:59.865   656  1001 D InetDiagMessage: Destroyed live tcp sockets for uids={10073} in 3ms
05-26 14:23:59.866   656  1001 D InetDiagMessage: Destroyed 0 sockets, proto=IPPROTO_TCP, family=AF_INET, states=14
05-26 14:23:59.867   656  1001 D InetDiagMessage: Destroyed 0 sockets, proto=IPPROTO_TCP, family=AF_INET6, states=14
05-26 14:23:59.867   656  1001 D InetDiagMessage: Destroyed live tcp sockets for uids={20073} in 1ms
05-26 14:24:07.119  2269  2535 W cast_shell: [2269:2535:WARNING:directory_service_impl.cc(634)] Unable to de-obfuscate key
05-26 14:24:07.119  2269  2535 I cast_shell: [2269:2535:INFO:parent_tracker.cc(335)] Root conflict with [REDACTED]; this device is better root
05-26 14:24:07.134  2269  2535 W cast_shell: [2269:2535:WARNING:directory_service_impl.cc(634)] Unable to de-obfuscate key
05-26 14:24:07.134  2269  2535 I cast_shell: [2269:2535:INFO:parent_tracker.cc(335)] Root conflict with [REDACTED]; this device is better root
05-26 14:24:08.414 13109 13109 D Autofill Status: Autofill popup isn't shown because autofill is not available.
05-26 14:24:08.414 13109 13109 D Autofill Status: 
05-26 14:24:08.414 13109 13109 D Autofill Status: Did you set up autofill?
05-26 14:24:08.414 13109 13109 D Autofill Status: 1. Go to Settings > System > Languages&input > Advanced > Autofill Service
05-26 14:24:08.414 13109 13109 D Autofill Status: 2. Pick a service
05-26 14:24:08.414 13109 13109 D Autofill Status: 
05-26 14:24:08.414 13109 13109 D Autofill Status: Did you add an account?
05-26 14:24:08.414 13109 13109 D Autofill Status: 1. Go to Settings > System > Languages&input > Advanced
05-26 14:24:08.414 13109 13109 D Autofill Status: 2. Click on the settings icon next to the Autofill Service
05-26 14:24:08.414 13109 13109 D Autofill Status: 3. Add your account
05-26 14:24:08.450 13109 13109 D InsetsController: show(ime(), fromIme=false)
05-26 14:24:08.451  1526  1526 I GoogleInputMethodService: GoogleInputMethodService.onFinishInput():3184 
05-26 14:24:08.451  1526  1526 I GoogleInputMethodService: GoogleInputMethodService.updateDeviceLockedStatus():2246 repeatCheckTimes = 0, locked = false
05-26 14:24:08.451  1526  1526 I GoogleInputMethodService: GoogleInputMethodService.onStartInput():1982 onStartInput(EditorInfo{EditorInfo{packageName=com.example.jellyfinnew, inputType=8001, inputTypeString=Normal, enableLearning=true, autoCorrection=true, autoComplete=true, imeOptions=2000005, privateImeOptions=null, actionName=NEXT, actionLabel=null, initialSelStart=0, initialSelEnd=0, initialCapsMode=0, label=null, fieldId=-1, fieldName=null, extras=Bundle[mParcelledData.dataSize=404], hintText=null, hintLocales=[]}}, false)
05-26 14:24:08.452  1526  1526 I GoogleInputMethodService: GoogleInputMethodService.updateDeviceLockedStatus():2246 repeatCheckTimes = 1, locked = false
05-26 14:24:08.452  1526  1526 I AndroidIME: InputBundleManager.loadActiveInputBundleId():450 loadActiveInputBundleId: en-US, ime_english_united_states
05-26 14:24:08.452  1526  1526 I EmojiCompatManager: EmojiCompatManager.getEmojiCompatIfLoaded():342 EmojiCompat.init() was never called.
05-26 14:24:08.452  1526  1526 I EmojiCompatManager: java.lang.IllegalStateException: EmojiCompat is not initialized. Please call EmojiCompat.init() first
05-26 14:24:08.452  1526  1526 I EmojiCompatManager: 	at so.g(PG:3)
05-26 14:24:08.452  1526  1526 I EmojiCompatManager: 	at abd.a(PG:6)
05-26 14:24:08.452  1526  1526 I EmojiCompatManager: 	at edb.d(PG:1)
05-26 14:24:08.452  1526  1526 I EmojiCompatManager: 	at edb.b(PG:6)
05-26 14:24:08.452  1526  1526 I EmojiCompatManager: 	at com.android.inputmethod.latin.LatinIME.f(PG:286)
05-26 14:24:08.452  1526  1526 I EmojiCompatManager: 	at epp.onStartInput(PG:170)
05-26 14:24:08.452  1526  1526 I EmojiCompatManager: 	at android.inputmethodservice.InputMethodService.doStartInput(InputMethodService.java:3499)
05-26 14:24:08.452  1526  1526 I EmojiCompatManager: 	at android.inputmethodservice.InputMethodService$InputMethodImpl.startInput(InputMethodService.java:871)
05-26 14:24:08.452  1526  1526 I EmojiCompatManager: 	at android.inputmethodservice.InputMethodService$InputMethodImpl.dispatchStartInput(InputMethodService.java:900)
05-26 14:24:08.452  1526  1526 I EmojiCompatManager: 	at android.inputmethodservice.IInputMethodWrapper.executeMessage(IInputMethodWrapper.java:201)
05-26 14:24:08.452  1526  1526 I EmojiCompatManager: 	at com.android.internal.os.HandlerCaller$MyHandler.handleMessage(HandlerCaller.java:44)
05-26 14:24:08.452  1526  1526 I EmojiCompatManager: 	at android.os.Handler.dispatchMessage(Handler.java:110)
05-26 14:24:08.452  1526  1526 I EmojiCompatManager: 	at android.os.Looper.loopOnce(Looper.java:248)
05-26 14:24:08.452  1526  1526 I EmojiCompatManager: 	at android.os.Looper.loop(Looper.java:338)
05-26 14:24:08.452  1526  1526 I EmojiCompatManager: 	at android.app.ActivityThread.main(ActivityThread.java:9067)
05-26 14:24:08.452  1526  1526 I EmojiCompatManager: 	at java.lang.reflect.Method.invoke(Native Method)
05-26 14:24:08.452  1526  1526 I EmojiCompatManager: 	at com.android.internal.os.RuntimeInit$MethodAndArgsCaller.run(RuntimeInit.java:593)
05-26 14:24:08.452  1526  1526 I EmojiCompatManager: 	at com.android.internal.os.ZygoteInit.main(ZygoteInit.java:932)
05-26 14:24:08.452  1526  1526 I EmojiCompatManager: EmojiCompatManager.getEmojiCompatIfLoaded():342 EmojiCompat.init() was never called.
05-26 14:24:08.452  1526  1526 I EmojiCompatManager: java.lang.IllegalStateException: EmojiCompat is not initialized. Please call EmojiCompat.init() first
05-26 14:24:08.452  1526  1526 I EmojiCompatManager: 	at so.g(PG:3)
05-26 14:24:08.452  1526  1526 I EmojiCompatManager: 	at abd.a(PG:6)
05-26 14:24:08.452  1526  1526 I EmojiCompatManager: 	at edb.d(PG:1)
05-26 14:24:08.452  1526  1526 I EmojiCompatManager: 	at edb.b(PG:192)
05-26 14:24:08.452  1526  1526 I EmojiCompatManager: 	at com.android.inputmethod.latin.LatinIME.f(PG:286)
05-26 14:24:08.452  1526  1526 I EmojiCompatManager: 	at epp.onStartInput(PG:170)
05-26 14:24:08.452  1526  1526 I EmojiCompatManager: 	at android.inputmethodservice.InputMethodService.doStartInput(InputMethodService.java:3499)
05-26 14:24:08.452  1526  1526 I EmojiCompatManager: 	at android.inputmethodservice.InputMethodService$InputMethodImpl.startInput(InputMethodService.java:871)
05-26 14:24:08.452  1526  1526 I EmojiCompatManager: 	at android.inputmethodservice.InputMethodService$InputMethodImpl.dispatchStartInput(InputMethodService.java:900)
05-26 14:24:08.452  1526  1526 I EmojiCompatManager: 	at android.inputmethodservice.IInputMethodWrapper.executeMessage(IInputMethodWrapper.java:201)
05-26 14:24:08.452  1526  1526 I EmojiCompatManager: 	at com.android.internal.os.HandlerCaller$MyHandler.handleMessage(HandlerCaller.java:44)
05-26 14:24:08.452  1526  1526 I EmojiCompatManager: 	at android.os.Handler.dispatchMessage(Handler.java:110)
05-26 14:24:08.452  1526  1526 I EmojiCompatManager: 	at android.os.Looper.loopOnce(Looper.java:248)
05-26 14:24:08.452  1526  1526 I EmojiCompatManager: 	at android.os.Looper.loop(Looper.java:338)
05-26 14:24:08.452  1526  1526 I EmojiCompatManager: 	at android.app.ActivityThread.main(ActivityThread.java:9067)
05-26 14:24:08.452  1526  1526 I EmojiCompatManager: 	at java.lang.reflect.Method.invoke(Native Method)
05-26 14:24:08.452  1526  1526 I EmojiCompatManager: 	at com.android.internal.os.RuntimeInit$MethodAndArgsCaller.run(RuntimeInit.java:593)
05-26 14:24:08.452  1526  1526 I EmojiCompatManager: 	at com.android.internal.os.ZygoteInit.main(ZygoteInit.java:932)
05-26 14:24:08.453  1526  1526 I GoogleInputMethodService: GoogleInputMethodService.onStartInput():1982 onStartInput(EditorInfo{EditorInfo{packageName=com.example.jellyfinnew, inputType=8001, inputTypeString=Normal, enableLearning=true, autoCorrection=true, autoComplete=true, imeOptions=2000005, privateImeOptions=null, actionName=NEXT, actionLabel=null, initialSelStart=0, initialSelEnd=0, initialCapsMode=0, label=null, fieldId=-1, fieldName=null, extras=Bundle[mParcelledData.dataSize=404], hintText=null, hintLocales=[]}}, true)
05-26 14:24:08.453  1526  1526 I GoogleInputMethodService: GoogleInputMethodService.updateDeviceLockedStatus():2246 repeatCheckTimes = 1, locked = false
05-26 14:24:08.453 13109 13109 I ImeTracker: com.example.jellyfinnew:b69263a1: onRequestShow at ORIGIN_CLIENT reason SHOW_SOFT_INPUT_BY_INSETS_API fromUser false
05-26 14:24:08.454  1526  1526 W SessionManager: SessionManager.beginSession():53 Try to begin an already begun session [INPUT_SESSION], end it first
05-26 14:24:08.454  1526  1526 I AndroidIME: InputBundleManager.loadActiveInputBundleId():450 loadActiveInputBundleId: en-US, ime_english_united_states
05-26 14:24:08.454  1526  1526 I EmojiCompatManager: EmojiCompatManager.getEmojiCompatIfLoaded():342 EmojiCompat.init() was never called.
05-26 14:24:08.454  1526  1526 I EmojiCompatManager: java.lang.IllegalStateException: EmojiCompat is not initialized. Please call EmojiCompat.init() first
05-26 14:24:08.454  1526  1526 I EmojiCompatManager: 	at so.g(PG:3)
05-26 14:24:08.454  1526  1526 I EmojiCompatManager: 	at abd.a(PG:6)
05-26 14:24:08.454  1526  1526 I EmojiCompatManager: 	at edb.d(PG:1)
05-26 14:24:08.454  1526  1526 I EmojiCompatManager: 	at edb.b(PG:6)
05-26 14:24:08.454  1526  1526 I EmojiCompatManager: 	at com.android.inputmethod.latin.LatinIME.f(PG:286)
05-26 14:24:08.454  1526  1526 I EmojiCompatManager: 	at epp.onStartInput(PG:170)
05-26 14:24:08.454  1526  1526 I EmojiCompatManager: 	at android.inputmethodservice.InputMethodService.doStartInput(InputMethodService.java:3499)
05-26 14:24:08.454  1526  1526 I EmojiCompatManager: 	at android.inputmethodservice.InputMethodService$InputMethodImpl.restartInput(InputMethodService.java:883)
05-26 14:24:08.454  1526  1526 I EmojiCompatManager: 	at android.inputmethodservice.InputMethodService$InputMethodImpl.dispatchStartInput(InputMethodService.java:898)
05-26 14:24:08.454  1526  1526 I EmojiCompatManager: 	at android.inputmethodservice.IInputMethodWrapper.executeMessage(IInputMethodWrapper.java:201)
05-26 14:24:08.454  1526  1526 I EmojiCompatManager: 	at com.android.internal.os.HandlerCaller$MyHandler.handleMessage(HandlerCaller.java:44)
05-26 14:24:08.454  1526  1526 I EmojiCompatManager: 	at android.os.Handler.dispatchMessage(Handler.java:110)
05-26 14:24:08.454  1526  1526 I EmojiCompatManager: 	at android.os.Looper.loopOnce(Looper.java:248)
05-26 14:24:08.454  1526  1526 I EmojiCompatManager: 	at android.os.Looper.loop(Looper.java:338)
05-26 14:24:08.454  1526  1526 I EmojiCompatManager: 	at android.app.ActivityThread.main(ActivityThread.java:9067)
05-26 14:24:08.454  1526  1526 I EmojiCompatManager: 	at java.lang.reflect.Method.invoke(Native Method)
05-26 14:24:08.454  1526  1526 I EmojiCompatManager: 	at com.android.internal.os.RuntimeInit$MethodAndArgsCaller.run(RuntimeInit.java:593)
05-26 14:24:08.454  1526  1526 I EmojiCompatManager: 	at com.android.internal.os.ZygoteInit.main(ZygoteInit.java:932)
05-26 14:24:08.454 13109 13109 D InsetsController: Setting requestedVisibleTypes to -1 (was -9)
05-26 14:24:08.457   656  1043 D BackgroundInstallControlService: Package event received: 0
05-26 14:24:08.459  1526  1526 I GoogleInputMethodService: GoogleInputMethodService.onStartInputView():2095 onStartInputView(EditorInfo{EditorInfo{packageName=com.example.jellyfinnew, inputType=8001, inputTypeString=Normal, enableLearning=true, autoCorrection=true, autoComplete=true, imeOptions=2000005, privateImeOptions=null, actionName=NEXT, actionLabel=null, initialSelStart=0, initialSelEnd=0, initialCapsMode=0, label=null, fieldId=-1, fieldName=null, extras=Bundle[{android.support.text.emoji.emojiCompat_metadataVersion=10, androidx.core.view.inputmethod.EditorInfoCompat.STYLUS_HANDWRITING_ENABLED=true, android.support.text.emoji.emojiCompat_replaceAll=false}], hintText=null, hintLocales=[]}}, false)
05-26 14:24:08.460  1526  1526 I GoogleInputMethodService: GoogleInputMethodService.updateDeviceLockedStatus():2246 repeatCheckTimes = 1, locked = false
05-26 14:24:08.460  1526  1705 I DeviceModeNotification: DeviceModeNotification.getCurrentDeviceMode():81 device mode is unknown before initializing the notification.
05-26 14:24:08.474 13109 13109 I ImeTracker: com.example.jellyfinnew:381dc950: onRequestShow at ORIGIN_CLIENT reason SHOW_SOFT_INPUT fromUser false
05-26 14:24:08.474 13109 13109 D InsetsController: show(ime(), fromIme=false)
05-26 14:24:08.475 13109 13109 I ImeTracker: com.example.jellyfinnew:381dc950: onCancelled at PHASE_CLIENT_REPORT_REQUESTED_VISIBLE_TYPES
05-26 14:24:08.493  1526  1526 I DeviceModeNotification: DeviceModeNotification.getCurrentDeviceMode():81 device mode is unknown before initializing the notification.
05-26 14:24:08.493  1526  1526 I KeyboardHeightUtil: KeyboardHeightUtil.getOemKeyboardHeightRatio():175 systemKeyboardHeightRatio:1.000000.
05-26 14:24:08.493  1526  1526 I LatinIme: LatinIme.<init>():371 Language = en-US
05-26 14:24:08.494  1526  1526 I Delight5Facilitator: Delight5Facilitator.initializeForIme():747 initializeForIme() : Locale = [en_US], layout = qwerty
05-26 14:24:08.494  1526  1526 I AndroidIME: AbstractIme.onActivate():90 LatinTVIme.onActivate() : EditorInfo = EditorInfo{packageName=com.example.jellyfinnew, inputType=8001, inputTypeString=Normal, enableLearning=true, autoCorrection=true, autoComplete=true, imeOptions=2000005, privateImeOptions=null, actionName=NEXT, actionLabel=null, initialSelStart=0, initialSelEnd=0, initialCapsMode=0, label=null, fieldId=-1, fieldName=null, extras=Bundle[{android.support.text.emoji.emojiCompat_metadataVersion=10, androidx.core.view.inputmethod.EditorInfoCompat.STYLUS_HANDWRITING_ENABLED=true, android.support.text.emoji.emojiCompat_replaceAll=false}], hintText=null, hintLocales=[]}, IncognitoMode = false, DeviceLocked = false
05-26 14:24:08.494  1526  1526 I VoiceInputManagerWrapper: VoiceInputManagerWrapper.cancelShutdown():101 cancelShutdown()
05-26 14:24:08.494  1526  1526 I VoiceInputManagerWrapper: VoiceInputManagerWrapper.syncLanguagePacks():113 syncLanguagePacks()
05-26 14:24:08.495  1526  3964 I SpeechFactory: SpeechRecognitionFactory.maybeScheduleAutoPackDownloadForFallback():200 maybeScheduleAutoPackDownloadForFallback()
05-26 14:24:08.500  1526  1526 I LatinIme: LatinIme.updateEnableInlineSuggestionsOnDecoderSideFlags():1159 inline flag updated to:false
05-26 14:24:08.501  1526  1705 I NetworkInfoNotification: NetworkInfoNotification$Listener.onReceive():107 onNetworkAvailable: networkState = NON_METERED, isAirplaneModeOn = false
05-26 14:24:08.502  1526  1526 I InputBundle: InputBundle.consumeEvent():899 Skip consuming an event as keyboard status is 0
05-26 14:24:08.503  1526  1526 I KeyboardWrapper: KeyboardWrapper.activateKeyboard():576 activateKeyboard(): type=prime, status=0, imeDef=fba{stringId=ime_english_united_states, language=en-US, languageTag=en-US, processedConditions={}, className=com.google.android.apps.inputmethod.tv.LatinTVIme, label=0, keyEventInterpreter=null, inlineComposing=true, autoCapital=true, announceAutoSelectedCandidate=false, statusIcon=0, primeKeyboardType=SOFT, indicatorIcon=0, indicatorLabel=null, displayAppCompletions=true, extraValues=fas{}, processors=fct@c62c222, unacceptableMetaKeys=4098, languageSpecificSettings=0, asciiCapable=false, alwaysShowSuggestions=false, useAsciiPasswordKeyboard=false, secondaryIme=null, keyboardGroupDef=fcc@57f34b3, phenotypeFlagId=0, localizationLanguageTag=null, supportsInlineSuggestion=false}
05-26 14:24:08.503  1526  1526 I KeyboardManager: KeyboardManager.requestKeyboard():234 Creating keyboard prime, imeId=ime_english_united_states, cacheKey=theme
05-26 14:24:08.504  1526  1526 I DeviceModeNotification: DeviceModeNotification.getCurrentDeviceMode():81 device mode is unknown before initializing the notification.
05-26 14:24:08.504  1526  1526 I KeyboardWrapper: KeyboardWrapper.onKeyboardReady():240 onKeyboardReady(): type=prime(prime), kb=com.google.android.apps.inputmethod.tv.keyboard.LatinTVKeyboard@ede6e
05-26 14:24:08.504  1526  1526 I KeyboardWrapper: KeyboardWrapper.doActivateKeyboard():607 doActivateKeyboard(): prime
05-26 14:24:08.504  1526  1526 I KeyboardHeightUtil: KeyboardHeightUtil.calculateMaxKeyboardBodyHeight():45 leave 214 height for app when ime window height:1080, header height:0 and isFullscreenMode:false, so the max keyboard body height is:866
05-26 14:24:08.505  1526  1526 I DeviceModeNotification: DeviceModeNotification.getCurrentDeviceMode():81 device mode is unknown before initializing the notification.
05-26 14:24:08.506  1526  1526 I DeviceModeNotification: DeviceModeNotification.getCurrentDeviceMode():81 device mode is unknown before initializing the notification.
05-26 14:24:08.506  1526  1526 W Keyboard: Keyboard.getKeyboardViewHelper():574 null helper is returned: keyboardDef=fbx{processedConditions={enable_number_row=false, language=en-US, enable_secondary_symbols=false}, globalConditions={global_theme_key=theme, global_locale=en_US, global_density_dpi=320, global_orientation=2}, className=.tv.keyboard.LatinTVKeyboard, resourceIds=[tv_keyboard_fragment_en_m2, keyboard_latin_qwerty_m2], initialStates=0, keyboardViewDefs=[fck{direction=null, id=default_keyboard_view, isScalable=true, layoutId=keyboard_body_4x10_m2, type=BODY, touchable=true, defaultShow=true}], persistentStates=0, persistentStatesPrefKey=null, popupBubbleLayoutId=PopupBubbleLayout, recentKeyLayoutId=0, recentKeyPopupLayoutId=0, recentKeyType=null, rememberRecentKey=NONE, sessionStates=0}, type=FLOATING_CANDIDATES, helpersCreated=[null, erw@c07a48c, null, null], context.getResources().getConfiguration(): {1.0 ?mcc0mnc [en_US] ldltr sw540dp w960dp h540dp 320dpi lrg long land television night finger qwerty/v/v dpad/v winConfig={ mBounds=Rect(0, 0 - 1920, 1080) mAppBounds=Rect(0, 0 - 1920, 1080) mMaxBounds=Rect(0, 0 - 1920, 1080) mDisplayRotation=ROTATION_0 mWindowingMode=fullscreen mActivityType=undefined mAlwaysOnTop=undefined mRotation=ROTATION_0} s.6 fontWeightAdjustment=0}
